[www.samsca.com/index.html]
[cdn.cookielaw.org/scripttemplates/otSDKStub.js]
[backblue.gif]
[fade.gif]
[index.html]
[www.samsca.com/sites/g/files/qhldwo10166/themes/site/themes/custom/samsca_hcp2/favicon.ico]
[www.samsca.com/core/assets/vendor/jquery.ui/themes/base/corebfda.css]
[www.samsca.com/core/assets/vendor/jquery.ui/themes/base/controlgroupbfda.css]
[www.samsca.com/core/assets/vendor/jquery.ui/themes/base/checkboxradiobfda.css]
[www.samsca.com/core/assets/vendor/jquery.ui/themes/base/resizablebfda.css]
[www.samsca.com/core/assets/vendor/jquery.ui/themes/base/buttonbfda.css]
[www.samsca.com/core/assets/vendor/jquery.ui/themes/base/dialogbfda.css]
[www.samsca.com/core/misc/components/progress.modulebfda.css]
[www.samsca.com/core/misc/components/ajax-progress.modulebfda.css]
[www.samsca.com/core/modules/system/css/components/align.modulebfda.css]
[www.samsca.com/core/modules/system/css/components/fieldgroup.modulebfda.css]
[www.samsca.com/core/modules/system/css/components/container-inline.modulebfda.css]
[www.samsca.com/core/modules/system/css/components/clearfix.modulebfda.css]
[www.samsca.com/core/modules/system/css/components/details.modulebfda.css]
[www.samsca.com/core/modules/system/css/components/hidden.modulebfda.css]
[www.samsca.com/core/modules/system/css/components/item-list.modulebfda.css]
[www.samsca.com/core/modules/system/css/components/js.modulebfda.css]
[www.samsca.com/core/modules/system/css/components/nowrap.modulebfda.css]
[www.samsca.com/core/modules/system/css/components/position-container.modulebfda.css]
[www.samsca.com/core/modules/system/css/components/reset-appearance.modulebfda.css]
[www.samsca.com/core/modules/system/css/components/resize.modulebfda.css]
[www.samsca.com/core/modules/system/css/components/system-status-counterbfda.css]
[www.samsca.com/core/modules/system/css/components/system-status-report-countersbfda.css]
[www.samsca.com/core/modules/system/css/components/system-status-report-general-infobfda.css]
[www.samsca.com/core/modules/system/css/components/tablesort.modulebfda.css]
[www.samsca.com/core/modules/ckeditor5/css/ckeditor5.dialog.fixbfda.css]
[www.samsca.com/modules/custom/otsuka_privacy_compliant_media/css/otsuka_privacy_compliant_mediabfda.css]
[www.samsca.com/core/assets/vendor/jquery.ui/themes/base/themebfda.css]
[www.samsca.com/sites/g/files/qhldwo10166/themes/site/themes/custom/samsca_hcp2/js/third_party/fancybox/jquery.fancyboxbfda.css]
[www.samsca.com/sites/g/files/qhldwo10166/themes/site/themes/custom/samsca_hcp2/css/jquery.mobile.custom.structure.minbfda.css]
[www.samsca.com/sites/g/files/qhldwo10166/themes/site/themes/custom/samsca_hcp2/css/font-awesome.minbfda.css]
[www.samsca.com/sites/g/files/qhldwo10166/themes/site/themes/custom/samsca_hcp2/css/stylesbfda.css]
[www.samsca.com/sites/g/files/qhldwo10166/themes/site/themes/custom/samsca_hcp2/css/samsca_drupal_gluebfda.css]
[www.google-analytics.com/ga.js]
[www.samsca.com/core/assets/vendor/jquery/jquery.mind734.js]
[www.samsca.com/core/assets/vendor/once/once.minf700.js]
[www.samsca.com/core/misc/drupalSettingsLoaderfe04.js]
[www.samsca.com/core/misc/drupalfe04.js]
[www.samsca.com/core/misc/drupal.initfe04.js]
[www.samsca.com/core/assets/vendor/jquery.ui/ui/version-minfe04.js]
[www.samsca.com/core/assets/vendor/jquery.ui/ui/data-minfe04.js]
[www.samsca.com/core/assets/vendor/jquery.ui/ui/disable-selection-minfe04.js]
[www.samsca.com/core/assets/vendor/jquery.ui/ui/jquery-patch-minfe04.js]
[www.samsca.com/core/assets/vendor/jquery.ui/ui/scroll-parent-minfe04.js]
[www.samsca.com/core/assets/vendor/jquery.ui/ui/unique-id-minfe04.js]
[www.samsca.com/core/assets/vendor/jquery.ui/ui/focusable-minfe04.js]
[www.samsca.com/core/assets/vendor/jquery.ui/ui/keycode-minfe04.js]
[www.samsca.com/core/assets/vendor/jquery.ui/ui/plugin-minfe04.js]
[www.samsca.com/core/assets/vendor/jquery.ui/ui/widget-minfe04.js]
[www.samsca.com/core/assets/vendor/jquery.ui/ui/labels-minfe04.js]
[www.samsca.com/core/assets/vendor/jquery.ui/ui/widgets/controlgroup-minfe04.js]
[www.samsca.com/core/assets/vendor/jquery.ui/ui/form-reset-mixin-minfe04.js]
[www.samsca.com/core/assets/vendor/jquery.ui/ui/widgets/mouse-minfe04.js]
[www.samsca.com/core/assets/vendor/jquery.ui/ui/widgets/checkboxradio-minfe04.js]
[www.samsca.com/core/assets/vendor/jquery.ui/ui/widgets/draggable-minfe04.js]
[www.samsca.com/core/assets/vendor/jquery.ui/ui/widgets/resizable-minfe04.js]
[www.samsca.com/core/assets/vendor/jquery.ui/ui/widgets/button-minfe04.js]
[www.samsca.com/core/assets/vendor/jquery.ui/ui/widgets/dialog-minfe04.js]
[www.samsca.com/core/assets/vendor/tabbable/index.umd.min0559.js]
[www.samsca.com/core/assets/vendor/tua-body-scroll-lock/tua-bsl.umd.minfe04.js]
[www.samsca.com/modules/contrib/google_tag/js/gtagbfda.js]
[www.samsca.com/core/misc/debouncefe04.js]
[www.samsca.com/core/misc/announcefe04.js]
[www.samsca.com/modules/contrib/google_tag/js/gtmbfda.js]
[unpkg.com/tabbable@6.2.0/dist/index.umd.js]
[unpkg.com/focus-trap@7.6.5/dist/focus-trap.umd.js]
[www.samsca.com/modules/custom/otsuka_focus_manager/js/focus.managerfe04.js]
[www.samsca.com/core/misc/tabbingmanagerfe04.js]
[www.samsca.com/core/misc/displacefe04.js]
[www.samsca.com/core/misc/jquery.tabbable.shimfe04.js]
[www.samsca.com/core/misc/positionfe04.js]
[www.samsca.com/core/misc/dialog/dialog-deprecationfe04.js]
[www.samsca.com/core/misc/dialog/dialogfe04.js]
[www.samsca.com/core/misc/dialog/dialog.positionfe04.js]
[www.samsca.com/core/misc/dialog/dialog.jquery-uife04.js]
[www.samsca.com/core/modules/ckeditor5/js/ckeditor5.dialog.fixfe04.js]
[www.samsca.com/modules/custom/otsuka_privacy_compliant_media/js/otsuka_pcm_apife04.js]
[www.samsca.com/sites/g/files/qhldwo10166/themes/site/themes/custom/samsca_hcp2/js/legacy/modernizr-2.5.3bfda.js]
[www.samsca.com/sites/g/files/qhldwo10166/themes/site/themes/custom/samsca_hcp2/js/legacy/jquery-1.7.1bfda.js]
[www.samsca.com/sites/g/files/qhldwo10166/themes/site/themes/custom/samsca_hcp2/js/legacy/bootstrap.minbfda.js]
[www.samsca.com/sites/g/files/qhldwo10166/themes/site/themes/custom/samsca_hcp2/js/legacy/jquery.cookiebfda.js]
[www.samsca.com/sites/g/files/qhldwo10166/themes/site/themes/custom/samsca_hcp2/js/legacy/jquery.validate.minbfda.js]
[www.samsca.com/sites/g/files/qhldwo10166/themes/site/themes/custom/samsca_hcp2/js/legacy/jquery.collapsiblebfda.js]
[www.samsca.com/sites/g/files/qhldwo10166/themes/site/themes/custom/samsca_hcp2/js/legacy/jquery.mobile.custombfda.js]
[www.samsca.com/sites/g/files/qhldwo10166/themes/site/themes/custom/samsca_hcp2/js/legacy/jquery.placeholder.minbfda.js]
[www.samsca.com/sites/g/files/qhldwo10166/themes/site/themes/custom/samsca_hcp2/js/third_party/fancybox/jquery.fancyboxbfda.js]
[www.samsca.com/sites/g/files/qhldwo10166/themes/site/themes/custom/samsca_hcp2/js/legacy/additional-methods.minbfda.js]
[www.samsca.com/sites/g/files/qhldwo10166/themes/site/themes/custom/samsca_hcp2/js/legacy/homePageSequencebfda.js]
[www.samsca.com/sites/g/files/qhldwo10166/themes/site/themes/custom/samsca_hcp2/js/legacy/jwplayerbfda.js]
[www.samsca.com/sites/g/files/qhldwo10166/themes/site/themes/custom/samsca_hcp2/js/legacy/samscabfda.js]
[www.samsca.com/sites/g/files/qhldwo10166/themes/site/themes/custom/samsca_hcp2/js/legacy/validationbfda.js]
[www.samsca.com/sites/g/files/qhldwo10166/themes/site/themes/custom/samsca_hcp2/js/legacy/video-librarybfda.js]
[www.samsca.com/sites/g/files/qhldwo10166/themes/site/themes/custom/samsca_hcp2/js/legacy/video-player2bfda.js]
[www.samsca.com/sites/g/files/qhldwo10166/themes/site/themes/custom/samsca_hcp2/js/legacy/samsca-utilitybfda.js]
[www.samsca.com/sites/g/files/qhldwo10166/themes/site/themes/custom/samsca_hcp2/js/legacy/drawersbfda.js]
[www.samsca.com/sites/g/files/qhldwo10166/themes/site/themes/custom/samsca_hcp2/js/legacy/mobile-navbfda.js]
[www.samsca.com/sites/g/files/qhldwo10166/themes/site/themes/custom/samsca_hcp2/js/legacy/html5shivbfda.js]
[www.samsca.com/sites/g/files/qhldwo10166/themes/site/themes/custom/samsca_hcp2/js/legacy/jquery.once.minbfda.js]
[www.samsca.com/sites/g/files/qhldwo10166/themes/site/themes/custom/samsca_hcp2/js/samsca_drupal_gluebfda.js]
[www.samsca.com/sites/g/files/qhldwo10166/files/img_SamscaLogo.png]
[www.samsca.com/sites/g/files/qhldwo10166/files/2022-05/Network-Pharmacies-List_0.pdf]
[www.samsca.com/sites/g/files/qhldwo10166/files/inline-images/Rx_0.png]
[www.samsca.com/what-is-hyponatremia.html]
[www.samsca.com/hyponatremia-heart-failure.html]
[www.samsca.com/hyponatremia-siadh.html]
[www.samsca.com/mechanism-of-action.html]
[www.samsca.com/dosing-and-administration.html]
[www.samsca.com/hyponatremia-resources.html]
[www.samsca.com/post-discharge.html]
[www.samsca.com/sites/g/files/qhldwo10166/themes/site/themes/custom/samsca_hcp2/fallback-assets/network-pharmacies-list-samsca.pdf]
[www.samsca.com/sites/g/files/qhldwo10166/files/inline-images/img_SamscaLogo_type_0.png]
[www.samsca.com/themes/custom/samsca_hcp/images/Samsca/img_SamscaLogo.png]
[www.samsca.com/sites/g/files/qhldwo10166/files/2017-11/hero-static-5.png]
[www.samsca.com/sites/g/files/qhldwo10166/files/2018-03/callout-header-moa_0.png]
[www.samsca.com/hyponatremia-heart-failure/efficacy.html]
[www.samsca.com/hyponatremia-siadh/efficacy.html]
[www.samsca.com/hyponatremia-heart-failure/safety-profile.html]
[www.samsca.com/hyponatremia-siadh/safety-profile.html]
[www.samsca.com/contact-us.html]
[www.samsca.com/site-map.html]
[www.samsca.com/sites/g/files/qhldwo10166/files/inline-images/otsuka-logo.png]
[www.samsca.com/what-is-hyponatremia/vasopressin.html]
[www.samsca.com/what-is-hyponatremia/management.html]
[www.samsca.com/hyponatremia-heart-failure/pathophysiology.html]
[www.samsca.com/hyponatremia-heart-failure/case-study-library.html]
[www.samsca.com/hyponatremia-siadh/pathophysiology.html]
[www.samsca.com/hyponatremia-siadh/oncology.html]
[www.samsca.com/hyponatremia-siadh/case-studies.html]
[www.samsca.com/dosing-and-administration/patient-selection-guide.html]
[www.samsca.com/hyponatremia-resources/video-library.html]
[www.samsca.com/hyponatremia-resources/downloadable-resources.html]
[www.samsca.com/core/misc/progressfe04.js]
[www.samsca.com/core/assets/vendor/loadjs/loadjs.mine0a5.js]
[www.samsca.com/core/misc/messagefe04.js]
[www.samsca.com/core/misc/ajaxfe04.js]
[www.samsca.com/modules/contrib/google_tag/js/gtag.ajaxbfda.js]
[www.samsca.com/modules/custom/otsuka_focus_manager/js/init.focusfe04.js]
[www.samsca.com/index.html]
[www.samsca.com/core/assets/vendor/jquery.ui/themes/base/corebfda.css]
[www.samsca.com/core/assets/vendor/jquery.ui/themes/base/controlgroupbfda.css]
[www.samsca.com/core/assets/vendor/jquery.ui/themes/base/checkboxradiobfda.css]
[www.samsca.com/core/assets/vendor/jquery.ui/themes/base/resizablebfda.css]
[www.samsca.com/core/assets/vendor/jquery.ui/themes/base/buttonbfda.css]
[www.samsca.com/core/assets/vendor/jquery.ui/themes/base/dialogbfda.css]
[www.samsca.com/core/misc/components/progress.modulebfda.css]
[www.samsca.com/core/misc/throbber-active.gif]
[www.samsca.com/core/misc/loading-small.gif]
[www.samsca.com/core/misc/components/ajax-progress.modulebfda.css]
[www.samsca.com/core/modules/system/css/components/align.modulebfda.css]
[www.samsca.com/core/modules/system/css/components/fieldgroup.modulebfda.css]
[www.samsca.com/core/modules/system/css/components/container-inline.modulebfda.css]
[www.samsca.com/core/modules/system/css/components/clearfix.modulebfda.css]
[www.samsca.com/core/modules/system/css/components/details.modulebfda.css]
[www.samsca.com/core/modules/system/css/components/hidden.modulebfda.css]
[www.samsca.com/core/modules/system/css/components/item-list.modulebfda.css]
[www.samsca.com/core/modules/system/css/components/js.modulebfda.css]
[www.samsca.com/core/modules/system/css/components/nowrap.modulebfda.css]
[www.samsca.com/core/modules/system/css/components/position-container.modulebfda.css]
[www.samsca.com/core/modules/system/css/components/reset-appearance.modulebfda.css]
[www.samsca.com/core/modules/system/css/components/resize.modulebfda.css]
[www.samsca.com/core/misc/icons/e32700/error.svg]
[www.samsca.com/core/misc/icons/e29700/warning.svg]
[www.samsca.com/core/modules/system/css/components/system-status-counterbfda.css]
[www.samsca.com/core/modules/system/css/components/system-status-report-countersbfda.css]
[www.samsca.com/core/modules/system/css/components/system-status-report-general-infobfda.css]
[www.samsca.com/core/misc/icons/73b355/check.svg]
[www.samsca.com/core/misc/icons/787878/twistie-down.svg]
[www.samsca.com/core/modules/system/css/components/tablesort.modulebfda.css]
[www.samsca.com/core/modules/ckeditor5/css/ckeditor5.dialog.fixbfda.css]
[www.samsca.com/core/misc/icons/787878/twistie-up.svg]
[www.samsca.com/modules/custom/otsuka_privacy_compliant_media/img/video-play-btn-mobile.svg]
[www.samsca.com/modules/custom/otsuka_privacy_compliant_media/img/video-play-btn.svg]
[www.samsca.com/modules/custom/otsuka_privacy_compliant_media/img/buzzsprout-placeholder.png]
[www.samsca.com/modules/custom/otsuka_privacy_compliant_media/css/otsuka_privacy_compliant_mediabfda.css]
[www.samsca.com/modules/custom/otsuka_privacy_compliant_media/img/orbita-chat-bubble.svg]
[www.samsca.com/core/assets/vendor/jquery.ui/themes/base/images/ui-icons_444444_256x240.png]
[www.samsca.com/core/assets/vendor/jquery.ui/themes/base/images/ui-icons_555555_256x240.png]
[www.samsca.com/core/assets/vendor/jquery.ui/themes/base/images/ui-icons_ffffff_256x240.png]
[www.samsca.com/core/assets/vendor/jquery.ui/themes/base/images/ui-icons_777620_256x240.png]
[www.samsca.com/core/assets/vendor/jquery.ui/themes/base/images/ui-icons_cc0000_256x240.png]
[www.samsca.com/core/assets/vendor/jquery.ui/themes/base/images/ui-icons_777777_256x240.png]
[www.samsca.com/core/assets/vendor/jquery.ui/themes/base/themebfda.css]
[www.samsca.com/sites/g/files/qhldwo10166/themes/site/themes/custom/samsca_hcp2/js/third_party/fancybox/fancybox_sprite.png]
[www.samsca.com/sites/g/files/qhldwo10166/themes/site/themes/custom/samsca_hcp2/js/third_party/fancybox/fancybox_loading.gif]
[www.samsca.com/sites/g/files/qhldwo10166/themes/site/themes/custom/samsca_hcp2/js/third_party/fancybox/blank.gif]
[www.samsca.com/sites/g/files/qhldwo10166/themes/site/themes/custom/samsca_hcp2/js/third_party/fancybox/fancybox_overlay.png]
[www.samsca.com/sites/g/files/qhldwo10166/themes/site/themes/custom/samsca_hcp2/js/third_party/fancybox/fancybox_sprite@2x.png]
[www.samsca.com/sites/g/files/qhldwo10166/themes/site/themes/custom/samsca_hcp2/js/third_party/fancybox/fancybox_loading@2x.gif]
[www.samsca.com/sites/g/files/qhldwo10166/themes/site/themes/custom/samsca_hcp2/js/third_party/fancybox/jquery.fancyboxbfda.css]
[www.samsca.com/sites/g/files/qhldwo10166/themes/site/themes/custom/samsca_hcp2/css/jquery.mobile.custom.structure.minbfda.css]
[www.samsca.com/sites/g/files/qhldwo10166/themes/site/themes/custom/samsca_hcp2/css/font-awesome.minbfda.css]
[www.samsca.com/sites/g/files/qhldwo10166/themes/site/themes/custom/samsca_hcp2/fonts/fontawesome-webfont.svg]
[www.samsca.com/sites/g/files/qhldwo10166/themes/site/themes/custom/samsca_hcp2/fonts/glyphicons-halflings-regular.svg]
[www.samsca.com/sites/g/files/qhldwo10166/themes/site/themes/custom/samsca_hcp2/fonts/helveticaneueltpro-ltcn-webfont.svg]
[www.samsca.com/sites/g/files/qhldwo10166/themes/site/themes/custom/samsca_hcp2/fonts/helveticaneue-light-webfont.svg]
[www.samsca.com/sites/g/files/qhldwo10166/themes/site/themes/custom/samsca_hcp2/fonts/tradegothicltstd-bold-webfont.svg]
[www.samsca.com/sites/g/files/qhldwo10166/themes/site/themes/custom/samsca_hcp2/images/Samsca/icon-minus-white.png]
[www.samsca.com/sites/g/files/qhldwo10166/themes/site/themes/custom/samsca_hcp2/images/Samsca/icon-plus-white.png]
[www.samsca.com/sites/g/files/qhldwo10166/themes/site/themes/custom/samsca_hcp2/images/Samsca/mobile/mobile-icon-menu.png]
[www.samsca.com/sites/g/files/qhldwo10166/themes/site/themes/custom/samsca_hcp2/images/Samsca/navMobileClose.png]
[www.samsca.com/sites/g/files/qhldwo10166/themes/site/themes/custom/samsca_hcp2/images/Samsca/caret-right-grey-blue.png]
[www.samsca.com/themes/custom/samsca_hcp/fancybox/fancybox.png]
[www.samsca.com/sites/g/files/qhldwo10166/themes/site/themes/custom/samsca_hcp2/images/Samsca/caret-right-light.png]
[www.samsca.com/sites/g/files/qhldwo10166/themes/site/themes/custom/samsca_hcp2/images/Samsca/icon-share.png]
[www.samsca.com/sites/g/files/qhldwo10166/themes/site/themes/custom/samsca_hcp2/images/Samsca/mobile/mobile-icon-search.png]
[www.samsca.com/sites/g/files/qhldwo10166/themes/site/themes/custom/samsca_hcp2/images/Samsca/mobile/Rx-mobile.png]
[www.samsca.com/sites/g/files/qhldwo10166/themes/site/themes/custom/samsca_hcp2/images/Samsca/case-study-icon-minus.png]
[www.samsca.com/sites/g/files/qhldwo10166/themes/site/themes/custom/samsca_hcp2/images/Samsca/case-study-icon-plus.png]
[www.samsca.com/sites/g/files/qhldwo10166/themes/site/themes/custom/samsca_hcp2/images/Samsca/homePageSequence.jpg]
[www.samsca.com/sites/g/files/qhldwo10166/themes/site/themes/custom/samsca_hcp2/images/Samsca/homePageSequenceFirstFrame.jpg]
[www.samsca.com/sites/g/files/qhldwo10166/themes/site/themes/custom/samsca_hcp2/images/Samsca/homePageSequenceLastFrame.jpg]
[www.samsca.com/sites/g/files/qhldwo10166/themes/site/themes/custom/samsca_hcp2/images/Samsca/icon-video.png]
[www.samsca.com/sites/g/files/qhldwo10166/themes/site/themes/custom/samsca_hcp2/images/Samsca/icon-download.png]
[www.samsca.com/sites/g/files/qhldwo10166/themes/site/themes/custom/samsca_hcp2/images/Samsca/caret-right-blue.png]
[www.samsca.com/Scripts/backgroundsize.min.htc]
[www.samsca.com/sites/g/files/qhldwo10166/themes/site/themes/custom/samsca_hcp2/images/Samsca/case-studies/HF_PatientCase_1_landingpage.jpg]
[www.samsca.com/sites/g/files/qhldwo10166/themes/site/themes/custom/samsca_hcp2/images/Samsca/case-studies/SIADH_PatientCase_1_landingpage.jpg]
[www.samsca.com/sites/g/files/qhldwo10166/themes/site/themes/custom/samsca_hcp2/images/Samsca/case-studies/HF_PatientCase_2_landingpage.jpg]
[www.samsca.com/sites/g/files/qhldwo10166/themes/site/themes/custom/samsca_hcp2/images/Samsca/case-studies/SIADH_PatientCase_2_landingpage.jpg]
[www.samsca.com/sites/g/files/qhldwo10166/themes/site/themes/custom/samsca_hcp2/images/Samsca/case-studies/HF_PatientCase_3_landingpage.jpg]
[www.samsca.com/sites/g/files/qhldwo10166/themes/site/themes/custom/samsca_hcp2/images/Samsca/case-studies/SIADH_PatientCase_3_landingpage.jpg]
[www.samsca.com/sites/g/files/qhldwo10166/themes/site/themes/custom/samsca_hcp2/images/Samsca/case-studies/HF_PatientCase_4_landingpage.jpg]
[www.samsca.com/sites/g/files/qhldwo10166/themes/site/themes/custom/samsca_hcp2/images/Samsca/case-studies/SIADH_PatientCase_4_landingpage.jpg]
[www.samsca.com/sites/g/files/qhldwo10166/themes/site/themes/custom/samsca_hcp2/images/Samsca/case-studies/HF_PatientCase_1_casestudypage.jpg]
[www.samsca.com/sites/g/files/qhldwo10166/themes/site/themes/custom/samsca_hcp2/images/Samsca/case-studies/SIADH_PatientCase_1_casestudypage.jpg]
[www.samsca.com/sites/g/files/qhldwo10166/themes/site/themes/custom/samsca_hcp2/images/Samsca/case-studies/HF_PatientCase_2_casestudypage.jpg]
[www.samsca.com/sites/g/files/qhldwo10166/themes/site/themes/custom/samsca_hcp2/images/Samsca/case-studies/SIADH_PatientCase_2_casestudypage.jpg]
[www.samsca.com/sites/g/files/qhldwo10166/themes/site/themes/custom/samsca_hcp2/images/Samsca/case-studies/HF_PatientCase_3_casestudypage.jpg]
[www.samsca.com/sites/g/files/qhldwo10166/themes/site/themes/custom/samsca_hcp2/images/Samsca/case-studies/SIADH_PatientCase_3_casestudypage.jpg]
[www.samsca.com/sites/g/files/qhldwo10166/themes/site/themes/custom/samsca_hcp2/images/Samsca/case-studies/HF_PatientCase_4_casestudypage.jpg]
[www.samsca.com/sites/g/files/qhldwo10166/themes/site/themes/custom/samsca_hcp2/images/Samsca/case-studies/SIADH_PatientCase_4_casestudypage.jpg]
[www.samsca.com/sites/g/files/qhldwo10166/themes/site/themes/custom/samsca_hcp2/images/Samsca/case-studies/case-study-icon-folder.png]
[www.samsca.com/sites/g/files/qhldwo10166/themes/site/themes/custom/samsca_hcp2/images/Samsca/case-studies/case-study-icon-presentation.png]
[www.samsca.com/sites/g/files/qhldwo10166/themes/site/themes/custom/samsca_hcp2/images/Samsca/case-studies/case-study-icon-past-social.png]
[www.samsca.com/sites/g/files/qhldwo10166/themes/site/themes/custom/samsca_hcp2/images/Samsca/case-studies/case-study-icon-past-medical.png]
[www.samsca.com/sites/g/files/qhldwo10166/themes/site/themes/custom/samsca_hcp2/images/Samsca/case-studies/case-study-icon-chronic-medications.png]
[www.samsca.com/sites/g/files/qhldwo10166/themes/site/themes/custom/samsca_hcp2/images/Samsca/case-studies/case-study-icon-medications.png]
[www.samsca.com/sites/g/files/qhldwo10166/themes/site/themes/custom/samsca_hcp2/images/Samsca/case-studies/case-study-icon-physical.png]
[www.samsca.com/sites/g/files/qhldwo10166/themes/site/themes/custom/samsca_hcp2/images/Samsca/case-studies/case-study-icon-lab-results.png]
[www.samsca.com/sites/g/files/qhldwo10166/themes/site/themes/custom/samsca_hcp2/images/Samsca/case-studies/case-study-icon-management.png]
[www.samsca.com/sites/g/files/qhldwo10166/themes/site/themes/custom/samsca_hcp2/images/Samsca/case-studies/case-study-icon-response.png]
[www.samsca.com/sites/g/files/qhldwo10166/themes/site/themes/custom/samsca_hcp2/images/Samsca/case-studies/case-study-icon-follow-up-visit.png]
[www.samsca.com/sites/g/files/qhldwo10166/themes/site/themes/custom/samsca_hcp2/images/Samsca/case-studies/case-study-icon-impression.png]
[www.samsca.com/sites/g/files/qhldwo10166/themes/site/themes/custom/samsca_hcp2/images/Samsca/case-studies/case-study-icon-summary.png]
[www.samsca.com/sites/g/files/qhldwo10166/themes/site/themes/custom/samsca_hcp2/images/Samsca/case-studies/case-study-icon-hospital-course.png]
[www.samsca.com/sites/g/files/qhldwo10166/themes/site/themes/custom/samsca_hcp2/images/Samsca/case-studies/case-study-icon-why-samsca.png]
[www.samsca.com/sites/g/files/qhldwo10166/themes/site/themes/custom/samsca_hcp2/images/Samsca/case-studies/case-study-icon-initial-therapy.png]
[www.samsca.com/sites/g/files/qhldwo10166/themes/site/themes/custom/samsca_hcp2/images/Samsca/case-studies/case-study-icon-test-results.png]
[www.samsca.com/sites/g/files/qhldwo10166/themes/site/themes/custom/samsca_hcp2/images/Samsca/pdf-icon.gif]
[www.samsca.com/sites/g/files/qhldwo10166/themes/site/themes/custom/samsca_hcp2/images/Samsca/mobile-nav-bg.gif]
[www.samsca.com/sites/g/files/qhldwo10166/themes/site/themes/custom/samsca_hcp2/images/Samsca/mobile-icon-rotate.png]
[www.samsca.com/sites/g/files/qhldwo10166/themes/site/themes/custom/samsca_hcp2/images/Samsca/icon-search.png]
[www.samsca.com/sites/g/files/qhldwo10166/themes/site/themes/custom/samsca_hcp2/css/images/Samsca/img_SamscaLogo.jpg]
[www.samsca.com/sites/g/files/qhldwo10166/themes/site/themes/custom/samsca_hcp2/images/Samsca/map/letter-bg.gif]
[www.samsca.com/sites/g/files/qhldwo10166/themes/site/themes/custom/samsca_hcp2/images/Samsca/icon-check.png]
[www.samsca.com/sites/g/files/qhldwo10166/themes/site/themes/custom/samsca_hcp2/images/Samsca/icon-x.png]
[www.samsca.com/sites/g/files/qhldwo10166/themes/site/themes/custom/samsca_hcp2/images/Samsca/icon-zoom.png]
[www.samsca.com/sites/g/files/qhldwo10166/themes/site/themes/custom/samsca_hcp2/images/Samsca/icon-minus-white-small.png]
[www.samsca.com/sites/g/files/qhldwo10166/themes/site/themes/custom/samsca_hcp2/images/Samsca/icon-plus-white-small.png]
[www.samsca.com/sites/g/files/qhldwo10166/themes/site/themes/custom/samsca_hcp2/css/stylesbfda.css]
[www.samsca.com/sites/g/files/qhldwo10166/themes/site/themes/custom/samsca_hcp2/images/Samsca/icon-home.png]
[www.samsca.com/sites/g/files/qhldwo10166/themes/site/themes/custom/samsca_hcp2/images/Samsca/icon-home-active.png]
[www.samsca.com/sites/g/files/qhldwo10166/themes/site/themes/custom/samsca_hcp2/css/samsca_drupal_gluebfda.css]
[www.samsca.com/modules/contrib/paragraphs/css/paragraphs.unpublishedbfda.css]
[www.samsca.com/stay-informed.100.delayed]
[www.samsca.com/sites/g/files/qhldwo10166/files/inline-images/chart-algorithm-classify_0.jpg]
[www.samsca.com/sites/g/files/qhldwo10166/files/2017-11/chart-risk-factors.jpg]
[www.samsca.com/sites/g/files/qhldwo10166/files/2018-08/chart_signg_symptoms_v4_1.jpg]
[www.samsca.com/sites/g/files/qhldwo10166/files/2017-11/callout-header-patient-cases.png]
[www.samsca.com/what-is-hyponatremia.html]
[www.samsca.com/hyponatremia-heart-failure/efficacy/trial-design.html]
[www.samsca.com/hyponatremia-heart-failure/efficacy/fluid-balance.html]
[www.samsca.com/hyponatremia-heart-failure/safety/serum-sodium-rate.html]
[www.samsca.com/hyponatremia-heart-failure/safety/renal-function.html]
[www.samsca.com/hyponatremia-heart-failure/safety/clinical-pharmacology.html]
[www.samsca.com/hyponatremia-heart-failure/case-study-library/hyponatremia-in-ischemic-cardiomyopathy.html]
[www.samsca.com/hyponatremia-heart-failure/case-study-library/hyponatremia-in-nonischemic-cardiomyopathy.html]
[www.samsca.com/hyponatremia-heart-failure/case-study-library/symptomatic-hyponatremia-congestive-heart-failure.html]
[www.samsca.com/sites/g/files/qhldwo10166/files/2018-09/chart_overlapping_symptoms_v7.jpg]
[www.samsca.com/sites/g/files/qhldwo10166/files/2017-11/callout-header-dosing.jpg]
[www.samsca.com/hyponatremia-heart-failure.html]
[www.samsca.com/hyponatremia-siadh/efficacy/trial-design.html]
[www.samsca.com/hyponatremia-siadh/efficacy/fluid-balance.html]
[www.samsca.com/hyponatremia-siadh/safety/serum-sodium-rate.html]
[www.samsca.com/hyponatremia-siadh/safety/renal-function.html]
[www.samsca.com/hyponatremia-siadh/safety/clinical-pharmacology.html]
[www.samsca.com/hyponatremia-siadh/case-studies/hyponatremia-of-multifactorial-etiologies-with-resistance-to-fluid-restriction.html]
[www.samsca.com/hyponatremia-siadh/case-studies/hyponatremia-secondary-to-siadh-and-coexisting-lv-systolic-dysfunction.html]
[www.samsca.com/hyponatremia-siadh/case-studies/hyponatremia-from-siadh-secondary-to-medication.html]
[www.samsca.com/sites/g/files/qhldwo10166/files/2017-11/chart-differential-diagnosis.jpg]
[www.samsca.com/hyponatremia-siadh.html]
[www.samsca.com/sites/g/files/qhldwo10166/files/2017-12/icon-moa-1.jpg]
[www.samsca.com/sites/g/files/qhldwo10166/files/2017-12/icon-moa-2.jpg]
[www.samsca.com/sites/g/files/qhldwo10166/files/2017-12/icon-moa-3.jpg]
[www.samsca.com/sites/g/files/qhldwo10166/files/2017-12/icon-moa-4.png]
[www.samsca.com/sites/g/files/qhldwo10166/files/2017-12/icon-moa-5.jpg]
[www.samsca.com/sites/g/files/qhldwo10166/files/2017-12/icon-moa-6.jpg]
[www.samsca.com/mechanism-of-action.html]
[www.samsca.com/sites/g/files/qhldwo10166/files/2017-11/banner-dosing.jpg]
[www.samsca.com/dosing-and-administration.html]
[www.samsca.com/core/modules/views/css/views.modulebfda.css]
[www.samsca.com/sites/g/files/qhldwo10166/files/2018-01/icon-video-moa.png]
[www.samsca.com/sites/g/files/qhldwo10166/files/2018-01/icon-video-disease-state.png]
[www.samsca.com/sites/g/files/qhldwo10166/files/resource-header-prescribing-information.png]
[www.samsca.com/sites/g/files/qhldwo10166/files/resource-header-medication-guide.png]
[www.samsca.com/hyponatremia-resources.html]
[www.samsca.com/sites/g/files/qhldwo10166/files/2018-08/continuation-home-page-banner_0.jpg]
[www.samsca.com/sites/g/files/qhldwo10166/files/2018-06/rx-image.png]
[www.samsca.com/sites/g/files/qhldwo10166/files/2018-06/file.png]
[www.samsca.com/post-discharge.html]
[www.samsca.com/themes/custom/samsca_hcp/images/Samsca/img_SamscaLogo.html]
[www.samsca.com/sites/g/files/qhldwo10166/files/2018-02/chart-mean-serum-sodium_v2.jpg]
[www.samsca.com/sites/g/files/qhldwo10166/files/2018-07/chart-avg-daily-AUC_0.png]
[www.samsca.com/hyponatremia-heart-failure/efficacy.html]
[www.samsca.com/sites/g/files/qhldwo10166/files/2017-11/callout-header-moa_0.jpg]
[www.samsca.com/sites/g/files/qhldwo10166/files/2018-02/chart-mean-serum-sodium_v2 (1).jpg]
[www.samsca.com/sites/g/files/qhldwo10166/files/2017-12/chart-post-hoc-analysis.jpg]
[www.samsca.com/sites/g/files/qhldwo10166/files/2017-12/chart-patients-SIADH-SALT.jpg]
[www.samsca.com/sites/g/files/qhldwo10166/files/2017-12/chart-avg-daily-AUC-baseline.jpg]
[www.samsca.com/hyponatremia-siadh/efficacy.html]
[www.samsca.com/sites/g/files/qhldwo10166/files/2018-02/chart-adverse-reactions.jpg]
[www.samsca.com/hyponatremia-heart-failure/safety-profile.html]
[www.samsca.com/sites/g/files/qhldwo10166/files/2018-02/chart-adverse-reactions_0.jpg]
[www.samsca.com/sites/g/files/qhldwo10166/files/2017-11/chart-adverse-events-SIADH.jpg]
[www.samsca.com/hyponatremia-siadh/safety-profile.html]
[www.samsca.com/modules/contrib/webform/css/webform.element.details.togglebfda.css]
[www.samsca.com/modules/contrib/webform/css/webform.element.messagebfda.css]
[www.samsca.com/modules/contrib/webform/css/webform.formbfda.css]
[www.samsca.com/modules/contrib/captcha/css/captchabfda.css]
[www.google.com/recaptcha/apic9b1.js]
[www.samsca.com/themes/custom/samsca_hcp/images/Samsca/caret-right-light.png]
[www.samsca.com/modules/contrib/recaptcha/js/recaptchabfda.js]
[www.samsca.com/modules/contrib/webform/js/webform.element.details.savefe04.js]
[www.samsca.com/modules/contrib/webform/js/webform.element.details.togglefe04.js]
[www.samsca.com/modules/contrib/webform/js/webform.element.messagefe04.js]
[www.samsca.com/modules/contrib/webform/js/webform.element.selectfe04.js]
[www.samsca.com/core/misc/formfe04.js]
[www.samsca.com/modules/contrib/webform/js/webform.behaviorsfe04.js]
[www.samsca.com/core/misc/statesfe04.js]
[www.samsca.com/modules/contrib/webform/js/webform.statesfe04.js]
[www.samsca.com/modules/contrib/webform/js/webform.formfe04.js]
[www.samsca.com/contact-us.html]
[www.samsca.com/site-map.html]
[www.samsca.com/sites/g/files/qhldwo10166/files/2017-11/role-moa.png]
[www.samsca.com/sites/g/files/qhldwo10166/files/2017-11/role-moa-3.png]
[www.samsca.com/sites/g/files/qhldwo10166/files/2017-11/role-moa-4.png]
[www.samsca.com/sites/g/files/qhldwo10166/files/2017-11/moa-5.png]
[www.samsca.com/sites/g/files/qhldwo10166/files/2017-11/chart-vasopressin-receptor.jpg]
[www.samsca.com/what-is-hyponatremia/vasopressin.html]
[www.samsca.com/sites/g/files/qhldwo10166/files/2017-11/chart-omd.jpg]
[www.samsca.com/what-is-hyponatremia/management.html]
[www.samsca.com/sites/g/files/qhldwo10166/files/2018-02/chart-heart-failure.jpg]
[www.samsca.com/sites/g/files/qhldwo10166/files/2018-01/callout-header-moa.png]
[www.samsca.com/hyponatremia-heart-failure/pathophysiology.html]
[www.samsca.com/sites/g/files/qhldwo10166/themes/site/themes/custom/samsca_hcp2/images/Samsca/case-study-icon-presentation.png]
[www.samsca.com/sites/g/files/qhldwo10166/themes/site/themes/custom/samsca_hcp2/images/Samsca/case-study-icon-why-samsca.png]
[www.samsca.com/sites/g/files/qhldwo10166/themes/site/themes/custom/samsca_hcp2/images/Samsca/case-study-icon-response.png]
[www.samsca.com/sites/g/files/qhldwo10166/themes/site/themes/custom/samsca_hcp2/images/Samsca/case-study-icon-summary.png]
[www.samsca.com/hyponatremia-heart-failure/case-study-library.html]
[www.samsca.com/sites/g/files/qhldwo10166/files/2017-11/chart-vasopressin.jpg]
[www.samsca.com/hyponatremia-siadh/pathophysiology.html]
[www.samsca.com/sites/g/files/qhldwo10166/files/2017-12/chart-drugs-cause-hyponatremia.jpg]
[www.samsca.com/sites/g/files/qhldwo10166/files/2017-12/callout-header-oncology-video.png]
[www.samsca.com/video-library]
[www.samsca.com/hyponatremia-siadh/oncology.html]
[www.samsca.com/hyponatremia-siadh/case-studies.html]
[www.samsca.com/sites/g/files/qhldwo10166/files/2017-11/chart-patient-selection.jpg]
[www.samsca.com/dosing-and-administration/patient-selection-guide.html]
[www.samsca.com/core/misc/jquery.forme0a5.js]
[www.samsca.com/core/modules/views/js/basefe04.js]
[www.samsca.com/core/modules/views/js/ajax_viewfe04.js]
[www.samsca.com/hyponatremia-resources/video-library.html]
[www.samsca.com/sites/g/files/qhldwo10166/files/prescribing_info_sm.png]
[www.samsca.com/sites/g/files/qhldwo10166/files/medicine_guide_sm.png]
[www.samsca.com/hyponatremia-resources/downloadable-resources.html]
[www.samsca.com/core/misc/icons/e32700/error.svg]
[www.samsca.com/core/misc/icons/e29700/warning.svg]
[www.samsca.com/core/misc/icons/73b355/check.svg]
[www.samsca.com/core/misc/icons/787878/twistie-down.svg]
[www.samsca.com/core/misc/icons/787878/twistie-up.svg]
[www.samsca.com/modules/custom/otsuka_privacy_compliant_media/img/video-play-btn-mobile.svg]
[www.samsca.com/modules/custom/otsuka_privacy_compliant_media/img/video-play-btn.svg]
[www.samsca.com/modules/custom/otsuka_privacy_compliant_media/img/orbita-chat-bubble.svg]
[www.samsca.com/sites/g/files/qhldwo10166/themes/site/themes/custom/samsca_hcp2/fonts/fontawesome-webfontf77b.html]
[www.samsca.com/sites/g/files/qhldwo10166/themes/site/themes/custom/samsca_hcp2/fonts/fontawesome-webfontd41d.html]
[www.samsca.com/sites/g/files/qhldwo10166/themes/site/themes/custom/samsca_hcp2/fonts/fontawesome-webfontf77b-2.html]
[www.samsca.com/sites/g/files/qhldwo10166/themes/site/themes/custom/samsca_hcp2/fonts/fontawesome-webfontf77b-3.html]
[www.samsca.com/sites/g/files/qhldwo10166/themes/site/themes/custom/samsca_hcp2/fonts/fontawesome-webfont.svg]
[www.samsca.com/sites/g/files/qhldwo10166/themes/site/themes/custom/samsca_hcp2/fonts/glyphicons-halflings-regular.html]
[www.samsca.com/sites/g/files/qhldwo10166/themes/site/themes/custom/samsca_hcp2/fonts/glyphicons-halflings-regulard41d.html]
[www.samsca.com/sites/g/files/qhldwo10166/themes/site/themes/custom/samsca_hcp2/fonts/glyphicons-halflings-regular-2.html]
[www.samsca.com/sites/g/files/qhldwo10166/themes/site/themes/custom/samsca_hcp2/fonts/glyphicons-halflings-regular-3.html]
[www.samsca.com/sites/g/files/qhldwo10166/themes/site/themes/custom/samsca_hcp2/fonts/glyphicons-halflings-regular.svg]
[www.samsca.com/sites/g/files/qhldwo10166/themes/site/themes/custom/samsca_hcp2/fonts/helveticaneueltpro-ltcn-webfont.html]
[www.samsca.com/sites/g/files/qhldwo10166/themes/site/themes/custom/samsca_hcp2/fonts/helveticaneueltpro-ltcn-webfont-2.html]
[www.samsca.com/sites/g/files/qhldwo10166/themes/site/themes/custom/samsca_hcp2/fonts/helveticaneueltpro-ltcn-webfont-3.html]
[www.samsca.com/sites/g/files/qhldwo10166/themes/site/themes/custom/samsca_hcp2/fonts/helveticaneueltpro-ltcn-webfont.svg]
[www.samsca.com/sites/g/files/qhldwo10166/themes/site/themes/custom/samsca_hcp2/fonts/helveticaneue-light-webfont.html]
[www.samsca.com/sites/g/files/qhldwo10166/themes/site/themes/custom/samsca_hcp2/fonts/helveticaneue-light-webfont-2.html]
[www.samsca.com/sites/g/files/qhldwo10166/themes/site/themes/custom/samsca_hcp2/fonts/helveticaneue-light-webfont-3.html]
[www.samsca.com/sites/g/files/qhldwo10166/themes/site/themes/custom/samsca_hcp2/fonts/helveticaneue-light-webfont.svg]
[www.samsca.com/sites/g/files/qhldwo10166/themes/site/themes/custom/samsca_hcp2/fonts/tradegothicltstd-bold-webfont.html]
[www.samsca.com/sites/g/files/qhldwo10166/themes/site/themes/custom/samsca_hcp2/fonts/tradegothicltstd-bold-webfont-2.html]
[www.samsca.com/sites/g/files/qhldwo10166/themes/site/themes/custom/samsca_hcp2/fonts/tradegothicltstd-bold-webfont-3.html]
[www.samsca.com/sites/g/files/qhldwo10166/themes/site/themes/custom/samsca_hcp2/fonts/tradegothicltstd-bold-webfont.svg]
[www.samsca.com/sites/g/files/qhldwo10166/themes/site/themes/custom/samsca_hcp2/fonts/MyriadPro-Bold.html]
[www.samsca.com/sites/g/files/qhldwo10166/themes/site/themes/custom/samsca_hcp2/fonts/MyriadPro-Semibold.html]
[www.samsca.com/sites/g/files/qhldwo10166/themes/site/themes/custom/samsca_hcp2/fonts/MyriadPro-Regular.html]
[www.samsca.com/themes/custom/samsca_hcp/fancybox/fancybox.html]
[www.samsca.com/Scripts/backgroundsize.min.html]
[www.samsca.com/sites/g/files/qhldwo10166/themes/site/themes/custom/samsca_hcp2/images/Samsca/case-studies/SIADH_PatientCase_4_landingpage.html]
[www.samsca.com/sites/g/files/qhldwo10166/themes/site/themes/custom/samsca_hcp2/images/Samsca/case-studies/SIADH_PatientCase_4_casestudypage.html]
[www.samsca.com/sites/g/files/qhldwo10166/themes/site/themes/custom/samsca_hcp2/images/Samsca/mobile-icon-rotate.html]
[www.samsca.com/sites/g/files/qhldwo10166/themes/site/themes/custom/samsca_hcp2/css/images/Samsca/img_SamscaLogo.html]
[www.samsca.com/modules/contrib/paragraphs/css/paragraphs.unpublishedbfda.css]
[www.samsca.com/stay-informed.html]
[www.samsca.com/sites/g/files/qhldwo10166/files/2017-11/chart-SALT-study-design.jpg]
[www.samsca.com/hyponatremia-heart-failure/efficacy/trial-design.html]
[www.samsca.com/sites/g/files/qhldwo10166/files/2017-11/chart-pooled-analysis-hyponatremia.jpg]
[www.samsca.com/sites/g/files/qhldwo10166/files/2017-11/chart-pooled-analysis-heartfailure.jpg]
[www.samsca.com/sites/g/files/qhldwo10166/files/2017-11/chart-pooled-analysis-baseline-2.jpg]
[www.samsca.com/hyponatremia-heart-failure/efficacy/fluid-balance.html]
[www.samsca.com/hyponatremia-heart-failure/safety/serum-sodium-rate.html]
[www.samsca.com/sites/g/files/qhldwo10166/files/2017-11/chart-pooled-analysis-placebo.jpg]
[www.samsca.com/hyponatremia-heart-failure/safety/renal-function.html]
[www.samsca.com/hyponatremia-heart-failure/safety/clinical-pharmacology.html]
[www.samsca.com/sites/g/files/qhldwo10166/files/2018-06/case-study-icon-presentation_0.png]
[www.samsca.com/sites/g/files/qhldwo10166/files/2017-11/case-study-icon-past-medical.png]
[www.samsca.com/sites/g/files/qhldwo10166/files/2017-11/case-study-icon-medications.png]
[www.samsca.com/sites/g/files/qhldwo10166/files/2017-11/case-study-icon-physical.png]
[www.samsca.com/sites/g/files/qhldwo10166/files/2017-11/case-study-icon-lab-results.png]
[www.samsca.com/sites/g/files/qhldwo10166/files/2017-11/case-study-icon-medications (1).png]
[www.samsca.com/sites/g/files/qhldwo10166/files/2017-11/case-study-icon-why-samsca.png]
[www.samsca.com/sites/g/files/qhldwo10166/files/2017-11/case-study-icon-response.png]
[www.samsca.com/sites/g/files/qhldwo10166/files/inline-images/chart-response-to-therapy-hf2_0.png]
[www.samsca.com/sites/g/files/qhldwo10166/files/2017-11/case-study-icon-follow-up-visit.png]
[www.samsca.com/sites/g/files/qhldwo10166/files/2017-11/case-study-icon-summary.png]
[www.samsca.com/sites/g/files/qhldwo10166/files/2017-11/callout-header-trial.png]
[www.samsca.com/hyponatremia-heart-failure/case-study-library/hyponatremia-in-ischemic-cardiomyopathy.html]
[www.samsca.com/sites/g/files/qhldwo10166/files/2017-11/case-study-icon-presentation_0.png]
[www.samsca.com/sites/g/files/qhldwo10166/files/2017-11/case-study-icon-past-medical_0.png]
[www.samsca.com/sites/g/files/qhldwo10166/files/2017-11/case-study-icon-medications_0.png]
[www.samsca.com/sites/g/files/qhldwo10166/files/2017-11/case-study-icon-past-social.png]
[www.samsca.com/sites/g/files/qhldwo10166/files/2017-11/case-study-icon-physical_0.png]
[www.samsca.com/sites/g/files/qhldwo10166/files/2017-11/case-study-icon-medications (1)_0.png]
[www.samsca.com/sites/g/files/qhldwo10166/files/inline-images/chart-treatment.png]
[www.samsca.com/sites/g/files/qhldwo10166/files/2017-11/case-study-icon-why-samsca_0.png]
[www.samsca.com/sites/g/files/qhldwo10166/files/2017-11/case-study-icon-response_0.png]
[www.samsca.com/sites/g/files/qhldwo10166/files/inline-images/chart-response-to-therapy-hf3.png]
[www.samsca.com/sites/g/files/qhldwo10166/files/2017-11/case-study-icon-summary_0.png]
[www.samsca.com/hyponatremia-heart-failure/case-study-library/hyponatremia-in-nonischemic-cardiomyopathy.html]
[www.samsca.com/sites/g/files/qhldwo10166/files/2017-11/case-study-icon-presentation_1.png]
[www.samsca.com/sites/g/files/qhldwo10166/files/2017-11/case-study-icon-initial-therapy.png]
[www.samsca.com/sites/g/files/qhldwo10166/files/2017-11/case-study-icon-medications_1.png]
[www.samsca.com/sites/g/files/qhldwo10166/files/2017-11/case-study-icon-why-samsca_1.png]
[www.samsca.com/sites/g/files/qhldwo10166/files/2017-11/case-study-icon-response_1.png]
[www.samsca.com/sites/g/files/qhldwo10166/files/inline-images/chart-response-to-therapy-hf4.png]
[www.samsca.com/sites/g/files/qhldwo10166/files/2017-11/case-study-icon-summary_1.png]
[www.samsca.com/hyponatremia-heart-failure/case-study-library/symptomatic-hyponatremia-congestive-heart-failure.html]
[www.samsca.com/sites/g/files/qhldwo10166/files/2017-11/chart-SALT-study-design_0.jpg]
[www.samsca.com/hyponatremia-siadh/efficacy/trial-design.html]
[www.samsca.com/sites/g/files/qhldwo10166/files/2017-11/chart-pooled-analysis-baseline.jpg]
[www.samsca.com/sites/g/files/qhldwo10166/files/2017-11/chart-net-fluid-loss.jpg]
[www.samsca.com/sites/g/files/qhldwo10166/files/2017-11/chart-pooled-analysis-baseline-2_0.jpg]
[www.samsca.com/hyponatremia-siadh/efficacy/fluid-balance.html]
[www.samsca.com/hyponatremia-siadh/safety/serum-sodium-rate.html]
[www.samsca.com/sites/g/files/qhldwo10166/files/2017-11/chart-pooled-analysis-placebo_0.jpg]
[www.samsca.com/hyponatremia-siadh/safety/renal-function.html]
[www.samsca.com/hyponatremia-siadh/safety/clinical-pharmacology.html]
[www.samsca.com/sites/g/files/qhldwo10166/files/2017-12/case-study-icon-presentation.png]
[www.samsca.com/sites/g/files/qhldwo10166/files/2017-12/case-study-icon-past-medical.png]
[www.samsca.com/sites/g/files/qhldwo10166/files/2017-12/case-study-icon-past-social.png]
[www.samsca.com/sites/g/files/qhldwo10166/files/2017-12/case-study-icon-medications.png]
[www.samsca.com/sites/g/files/qhldwo10166/files/2017-12/case-study-icon-physical.png]
[www.samsca.com/sites/g/files/qhldwo10166/files/2017-12/case-study-icon-lab-results.png]
[www.samsca.com/sites/g/files/qhldwo10166/files/2017-12/case-study-icon-medications_0.png]
[www.samsca.com/sites/g/files/qhldwo10166/files/2017-12/case-study-icon-why-samsca.png]
[www.samsca.com/sites/g/files/qhldwo10166/files/2017-12/case-study-icon-response.png]
[www.samsca.com/sites/g/files/qhldwo10166/files/inline-images/chart-response-to-therapy-siadh1.png]
[www.samsca.com/sites/g/files/qhldwo10166/files/2017-12/case-study-icon-summary.png]
[www.samsca.com/sites/g/files/qhldwo10166/files/2017-12/callout-header-trial (1).png]
[www.samsca.com/hyponatremia-siadh/case-studies/hyponatremia-of-multifactorial-etiologies-with-resistance-to-fluid-restriction.html]
[www.samsca.com/sites/g/files/qhldwo10166/files/2017-12/case-study-icon-presentation_0.png]
[www.samsca.com/sites/g/files/qhldwo10166/files/2017-12/case-study-icon-past-medical_0.png]
[www.samsca.com/sites/g/files/qhldwo10166/files/2017-12/case-study-icon-medications_1.png]
[www.samsca.com/sites/g/files/qhldwo10166/files/2017-12/case-study-icon-physical_0.png]
[www.samsca.com/sites/g/files/qhldwo10166/files/2017-12/case-study-icon-test-results.png]
[www.samsca.com/sites/g/files/qhldwo10166/files/2017-12/case-study-icon-medications_2.png]
[www.samsca.com/sites/g/files/qhldwo10166/files/2017-12/case-study-icon-why-samsca_0.png]
[www.samsca.com/sites/g/files/qhldwo10166/files/2017-12/case-study-icon-response_0.png]
[www.samsca.com/sites/g/files/qhldwo10166/files/inline-images/chart-response-to-therapy-siadh2.png]
[www.samsca.com/sites/g/files/qhldwo10166/files/2017-12/case-study-icon-summary_0.png]
[www.samsca.com/hyponatremia-siadh/case-studies/hyponatremia-secondary-to-siadh-and-coexisting-lv-systolic-dysfunction.html]
[www.samsca.com/sites/g/files/qhldwo10166/files/2017-12/case-study-icon-presentation_1.png]
[www.samsca.com/sites/g/files/qhldwo10166/files/2017-12/case-study-icon-past-medical_1.png]
[www.samsca.com/sites/g/files/qhldwo10166/files/2017-12/case-study-icon-past-social_0.png]
[www.samsca.com/sites/g/files/qhldwo10166/files/2017-12/case-study-icon-chronic-medications.png]
[www.samsca.com/sites/g/files/qhldwo10166/files/2017-12/case-study-icon-physical_1.png]
[www.samsca.com/sites/g/files/qhldwo10166/files/2017-12/case-study-icon-lab-results_0.png]
[www.samsca.com/sites/g/files/qhldwo10166/files/inline-images/chart-case-study-ekg.png]
[www.samsca.com/sites/g/files/qhldwo10166/files/2017-12/case-study-icon-impression.png]
[www.samsca.com/sites/g/files/qhldwo10166/files/2017-12/case-study-icon-medications_3.png]
[www.samsca.com/sites/g/files/qhldwo10166/files/2017-12/case-study-icon-why-samsca_1.png]
[www.samsca.com/sites/g/files/qhldwo10166/files/2017-12/case-study-icon-response_1.png]
[www.samsca.com/sites/g/files/qhldwo10166/files/inline-images/chart-response-to-therapy-siadh3.png]
[www.samsca.com/sites/g/files/qhldwo10166/files/2017-12/case-study-icon-follow-up-visit.png]
[www.samsca.com/sites/g/files/qhldwo10166/files/2017-12/case-study-icon-summary_1.png]
[www.samsca.com/hyponatremia-siadh/case-studies/hyponatremia-from-siadh-secondary-to-medication.html]
[www.samsca.com/core/modules/views/css/views.modulebfda.css]
[www.samsca.com/hyponatremia-resources/video-library/index5a57.html]
[www.samsca.com/hyponatremia-resources/video-library5a57.html]
[www.samsca.com/hyponatremia-resources/video-library/indexd0f1.html]
[www.samsca.com/modules/contrib/webform/css/webform.element.details.togglebfda.css]
[www.samsca.com/modules/contrib/webform/css/webform.element.messagebfda.css]
[www.samsca.com/modules/contrib/webform/css/webform.formbfda.css]
[www.samsca.com/modules/contrib/captcha/css/captchabfda.css]
[www.samsca.com/themes/custom/samsca_hcp/images/Samsca/caret-right-light.html]
[www.samsca.com/video-library.html]
[www.samsca.com/hyponatremia-resources/video-library5a57.html]
[www.samsca.com/hyponatremia-resources/video-libraryd0f1.html]
[www.samsca.com/hyponatremia-resources/video-libraryd0f1.html]
