[www.columbiagasky.com/index.html]
[www.columbiagasky.com/columbiagas.ico]
[backblue.gif]
[fade.gif]
[index.html]
[www.columbiagasky.com/WebResource543d.js]
[srm.columbiagas.com/Smartbot/bot.css]
[cdn.botframework.com/botframework-webchat/4.14.1/webchat.js]
[ajax.googleapis.com/ajax/libs/jquery/3.0.0/jquery.min.js]
[maxcdn.bootstrapcdn.com/bootstrap/3.4.1/js/bootstrap.min.js]
[cdn.flowplayer.com/releases/native/stable/style/flowplayer.css]
[www.columbiagasky.com/css/defaultfbc1.css]
[www.columbiagasky.com/css/marketing.min055b.css]
[ajax.googleapis.com/ajax/libs/jquery/1.12.1/jquery.min.js]
[nieus2prodazstg01.blob.core.windows.net/cdr-prod/images/librariesprovider3/design-elements/logos/columbia-gas-of-kentucky-logo.png]
[www.columbiagasky.com/our-company.html]
[www.columbiagasky.com/partner-with-us.html]
[www.columbiagasky.com/bills-and-payments/understanding-your-bill.html]
[www.columbiagasky.com/services/start-stop-or-move-service.html]
[www.columbiagasky.com/construction-renovation.html]
[www.columbiagasky.com/landlord-services.html]
[www.columbiagasky.com/business-support.html]
[www.columbiagasky.com/terminate-service.html]
[www.columbiagasky.com/services/add-or-convert-to-gas.html]
[www.columbiagasky.com/services/add-or-convert-to-gas/gas-availability-form.html]
[www.columbiagasky.com/services/add-or-convert-to-gas/calculate-your-savings.html]
[www.columbiagasky.com/services/add-or-convert-to-gas/find-a-contractor.html]
[www.columbiagasky.com/services/home-protection-plans.html]
[www.columbiagasky.com/services/home-protection-plans/homeowner-protection-plans.html]
[www.columbiagasky.com/services/home-protection-plans/renter-protection-plans.html]
[www.columbiagasky.com/services/renewable-energy-programs.html]
[www.columbiagasky.com/services/renewable-energy-programs/rng-for-producers.html]
[www.columbiagasky.com/services/alert-center.html]
[www.columbiagasky.com/services/work-in-your-neighborhood.html]
[www.columbiagasky.com/services/work-in-your-neighborhood/pipeline-replacement-projects.html]
[www.columbiagasky.com/services/work-in-your-neighborhood/meter-replacement-program.html]
[www.columbiagasky.com/services/work-in-your-neighborhood/vegetation-management.html]
[www.columbiagasky.com/services/work-in-your-neighborhood/property-restoration.html]
[www.columbiagasky.com/safety/natural-gas-safety.html]
[www.columbiagasky.com/safety/natural-gas-safety/report-gas-leaks.html]
[www.columbiagasky.com/safety/natural-gas-safety/call-811-before-you-dig.html]
[www.columbiagasky.com/safety/natural-gas-safety/gas-line-responsibilities.html]
[www.columbiagasky.com/safety/natural-gas-safety/encroachment-awareness.html]
[www.columbiagasky.com/safety/natural-gas-safety/automatic-shut-off-devices.html]
[www.columbiagasky.com/safety/natural-gas-safety/sewer-line-safety.html]
[www.columbiagasky.com/safety/natural-gas-safety/pipeline-integrity-management-plan.html]
[www.columbiagasky.com/safety/natural-gas-safety/advanced-leak-detection.html]
[www.columbiagasky.com/safety/excavators.html]
[www.columbiagasky.com/safety/home-safety.html]
[www.columbiagasky.com/safety/home-safety/appliance-safety.html]
[www.columbiagasky.com/safety/home-safety/carbon-monoxide.html]
[www.columbiagasky.com/safety/home-safety/proper-venting.html]
[www.columbiagasky.com/safety/home-safety/impostors-and-scams.html]
[www.columbiagasky.com/safety/home-safety/find-a-contractor.html]
[www.columbiagasky.com/safety/home-safety/diggers-dog-house.html]
[www.columbiagasky.com/safety/weather-safety.html]
[www.columbiagasky.com/safety/weather-safety/flooding-safety.html]
[www.columbiagasky.com/safety/weather-safety/winter-weather-safety.html]
[www.columbiagasky.com/safety/know-your-home.html]
[www.columbiagasky.com/safety/know-your-home/exterior.html]
[www.columbiagasky.com/safety/know-your-home/basement.html]
[www.columbiagasky.com/safety/know-your-home/kitchen.html]
[www.columbiagasky.com/safety/know-your-home/living-room.html]
[www.columbiagasky.com/safety/know-your-home/laundry.html]
[www.columbiagasky.com/safety/know-your-home/bathroom.html]
[www.columbiagasky.com/safety/know-your-home/bedroom.html]
[www.columbiagasky.com/safety/know-your-home/garage.html]
[www.columbiagasky.com/safety/know-your-home/office.html]
[www.columbiagasky.com/bills-and-payments/pay-my-bill.html]
[www.columbiagasky.com/bills-and-payments/payment-options.html]
[www.columbiagasky.com/bills-and-payments/payment-options/find-a-payment-location.html]
[www.columbiagasky.com/bills-and-payments/report-a-payment.html]
[www.columbiagasky.com/bills-and-payments/billing-programs.html]
[www.columbiagasky.com/bills-and-payments/billing-programs/choice.html]
[www.columbiagasky.com/bills-and-payments/billing-programs/delivery-service.html]
[www.columbiagasky.com/bills-and-payments/billing-programs/budget-plan.html]
[www.columbiagasky.com/bills-and-payments/billing-programs/paperless.html]
[www.columbiagasky.com/bills-and-payments/billing-programs/autopay.html]
[www.columbiagasky.com/bills-and-payments/financial-support.html]
[www.columbiagasky.com/bills-and-payments/financial-support/income-eligible-assistance-programs.html]
[www.columbiagasky.com/bills-and-payments/financial-support/payment-plans.html]
[www.columbiagasky.com/bills-and-payments/financial-support/shutoff-and-reconnect-process.html]
[www.columbiagasky.com/bills-and-payments/financial-support/give-the-gift-of-energy.html]
[www.columbiagasky.com/bills-and-payments/financial-support/contribute-to-wintercare.html]
[www.columbiagasky.com/energy-efficiency/for-your-home.html]
[www.columbiagasky.com/energy-efficiency/for-your-home/home-energy-tips.html]
[www.columbiagasky.com/energy-efficiency/for-your-business.html]
[www.columbiagasky.com/energy-efficiency/for-your-business/business-energy-tips.html]
[www.columbiagasky.com/energy-assistance-resource-center.html]
[www.columbiagasky.com/bills-and-payments/financial-support/income-eligible-assistance-programs/eligibility-calculator.html]
[www.columbiagasky.com/help/self-service.html]
[www.columbiagasky.com/campaigns/web.html]
[www.columbiagasky.com/campaigns/mobile-app.html]
[www.columbiagasky.com/campaigns/chat.html]
[www.columbiagasky.com/campaigns/phone.html]
[www.columbiagasky.com/help/forms.html]
[www.columbiagasky.com/help/help-center/contact-us/document-upload-form.html]
[www.columbiagasky.com/help/forms/feedback-form.html]
[www.columbiagasky.com/help/quick-links.html]
[www.columbiagasky.com/help/help-center.html]
[www.columbiagasky.com/help/search-faqs.html]
[www.columbiagasky.com/help/help-center/contact-us.html]
[www.columbiagasky.com/service-request.html]
[www.columbiagasky.com/services/renewable-energy-programs/rng-for-producers/renewable-natural-gas-application.html]
[www.columbiagasky.com/safety/home-safety/appliance-safety/safe-appliance-installation.html]
[www.columbiagasky.com/safety/home-safety/appliance-safety/care-for-your-appliances.html]
[nieus2prodazstg01.blob.core.windows.net/cdr-prod/images/librariesprovider3/bills-and-payments/7-july-paperless3a03.jpg]
[nieus2prodazstg01.blob.core.windows.net/cdr-prod/images/librariesprovider3/design-elements/icons/payment9d11.png]
[nieus2prodazstg01.blob.core.windows.net/cdr-prod/images/librariesprovider3/design-elements/icons/start-stop-or-move-service-truck-icon2912.png]
[nieus2prodazstg01.blob.core.windows.net/cdr-prod/images/librariesprovider3/design-elements/icons/paperless37a6.png]
[nieus2prodazstg01.blob.core.windows.net/cdr-prod/images/librariesprovider3/design-elements/icons/helpeb55.png]
[unpkg.com/flickity@2.3.0/dist/flickity.min.css]
[nieus2prodazstg01.blob.core.windows.net/cdr-prod/images/librariesprovider3/bills-and-payments/property-restoration8c12.jpg]
[nieus2prodazstg01.blob.core.windows.net/cdr-prod/images/librariesprovider3/default-album/paymentoptions-carousel-0198b1.jpg]
[nieus2prodazstg01.blob.core.windows.net/cdr-prod/images/librariesprovider3/bills-and-payments/start.-stop.-move.-21825.jpg]
[nieus2prodazstg01.blob.core.windows.net/cdr-prod/images/librariesprovider3/bills-and-payments/budgetsocial-carousal80b9.jpg]
[unpkg.com/flickity@2.3.0/dist/flickity.pkgd.min.js]
[www.columbiagasky.com/our-company/about-us/regulatory-information.html]
[nieus2prodazstg01.blob.core.windows.net/cdr-prod/images/librariesprovider3/design-elements/icons/badge_applestoreb2be.png]
[nieus2prodazstg01.blob.core.windows.net/cdr-prod/images/librariesprovider3/design-elements/icons/badge_googleplay3cd8.png]
[nieus2prodazstg01.blob.core.windows.net/cdr-prod/images/librariesprovider3/customer/payment-planscda6.jpg]
[nieus2prodazstg01.blob.core.windows.net/cdr-prod/images/librariesprovider3/customer/get-on-our-budget-plan82f3.jpg]
[nieus2prodazstg01.blob.core.windows.net/cdr-prod/images/librariesprovider3/customer/get-billing-and-payment-alerts5a95.jpg]
[nieus2prodazstg01.blob.core.windows.net/cdr-prod/images/librariesprovider3/customer/income-eligible-payment-assistance-programs263c.jpg]
[www.columbiagasky.com/footer-menu/our-company.html]
[www.columbiagasky.com/our-company/about-us.html]
[www.columbiagasky.com/our-company/about-us/giving-back.html]
[www.columbiagasky.com/our-company/about-us/our-environment.html]
[www.columbiagasky.com/our-company/news-room.html]
[www.columbiagasky.com/footer-menu/partner-with-us.html]
[www.columbiagasky.com/partner-with-us/builders-and-developers.html]
[www.columbiagasky.com/partner-with-us/contractors-and-plumbers.html]
[www.columbiagasky.com/partner-with-us/economic-development.html]
[www.columbiagasky.com/partner-with-us/emergency-responders.html]
[www.columbiagasky.com/footer-menu/you-need-help.html]
[www.columbiagasky.com/images/librariesprovider3/design-elements/logos/logo-facebook.gif]
[www.columbiagasky.com/images/librariesprovider3/design-elements/logos/logo-x.gif]
[www.columbiagasky.com/images/librariesprovider3/design-elements/logos/logo-linkedin.gif]
[www.columbiagasky.com/our-site/terms-of-use.html]
[www.columbiagasky.com/our-site/privacy-notice.html]
[www.columbiagasky.com/our-site/accessibility-statement.html]
[www.columbiagasky.com/ResourcePackages/Bootstrap/assets/dist/js/bootstrap.min66ef.js]
[cdn.flowplayer.com/releases/native/stable/plugins/keyboard.min.js]
[cdn.flowplayer.com/releases/native/stable/plugins/message.min.js]
[cdn.flowplayer.com/releases/native/stable/flowplayer.min.js]
[www.columbiagasky.com/js/vendor/vue.min31fb.js]
[cdn.flowplayer.com/releases/native/stable/plugins/hls.min.js]
[www.columbiagasky.com/Frontend-Assembly/Telerik.Sitefinity.Frontend.Navigation/Mvc/Scripts/LanguageSelector/language-selector.min9ee7.js]
[www.columbiagasky.com/js/marketing.min31fb.js]
[cdn.walkme.com/users/c7ad4ebff0b04409a5be4210cdf41447/walkme_c7ad4ebff0b04409a5be4210cdf41447_https.js]
[www.google.com/recaptcha/apidf88.js]
[www.columbiagasky.com/index.html]
[www.columbiagasky.com/WebResource543d.js]
[srm.columbiagas.com/Smartbot/bot.css]
[srm.columbiagas.com/Smartbot/userchat.html]
[nieus2prodazstg01.blob.core.windows.net/cdr-prod/css/web-fonts/typography/860001/ECD08C3382619C1BB.css]
[cdn.flowplayer.com/releases/native/stable/style/flowplayer.css]
[www.columbiagasky.com/css/Fonts/GoldenPlains/golden-plains.eot]
[www.columbiagasky.com/css/Fonts/GoldenPlains/golden-plainsd41d.eot]
[www.columbiagasky.com/css/Fonts/GoldenPlains/golden-plains.woff2]
[www.columbiagasky.com/css/Fonts/GoldenPlains/golden-plains.woff]
[www.columbiagasky.com/css/Fonts/GoldenPlains/golden-plains.ttf]
[www.columbiagasky.com/css/Fonts/font-awesome/fonts/fontawesome-webfont3e6e.eot]
[www.columbiagasky.com/css/Fonts/font-awesome/fonts/fontawesome-webfontd41d.eot]
[www.columbiagasky.com/css/Fonts/font-awesome/fonts/fontawesome-webfont3e6e.woff2]
[www.columbiagasky.com/css/Fonts/font-awesome/fonts/fontawesome-webfont3e6e.woff]
[www.columbiagasky.com/css/Fonts/font-awesome/fonts/fontawesome-webfont3e6e.ttf]
[www.columbiagasky.com/ResourcePackages/Bootstrap/assets/dist/fonts/bootstrap/glyphicons-halflings-regular.eot]
[www.columbiagasky.com/ResourcePackages/Bootstrap/assets/dist/fonts/bootstrap/glyphicons-halflings-regulard41d.eot]
[www.columbiagasky.com/ResourcePackages/Bootstrap/assets/dist/fonts/bootstrap/glyphicons-halflings-regular.woff2]
[www.columbiagasky.com/ResourcePackages/Bootstrap/assets/dist/fonts/bootstrap/glyphicons-halflings-regular.woff]
[www.columbiagasky.com/ResourcePackages/Bootstrap/assets/dist/fonts/bootstrap/glyphicons-halflings-regular.ttf]
[www.columbiagasky.com/fonts/sf-icon-font5ba7.eot]
[www.columbiagasky.com/fonts/sf-icon-fontd41d.eot]
[www.columbiagasky.com/fonts/sf-icon-font5ba7.woff]
[www.columbiagasky.com/fonts/sf-icon-font5ba7.ttf]
[nieus2prodazstg01.blob.core.windows.net/cdr-prod/images/default-source/email/not-found-1x14f711e5a6dd56b95ad3cff3f00cf989e813c.png]
[www.columbiagasky.com/css/Images/gray-geometric-bgimage.jpg]
[www.columbiagasky.com/css/Images/Icons/check.png]
[www.columbiagasky.com/css/Images/slider.png]
[www.columbiagasky.com/css/Images/InteractiveStateMap/Columbia_Gas_Base_Map_Mobile.jpg]
[www.columbiagasky.com/css/defaultfbc1.css]
[www.columbiagasky.com/css/images/columbia-gas-base-mobile.png]
[www.columbiagasky.com/css/images/columbia-gas-base-map.png]
[www.columbiagasky.com/css/images/nisource-suppliers-base-mobile.png]
[www.columbiagasky.com/css/images/nisource-suppliers-base-map.png]
[www.columbiagasky.com/css/marketing.min055b.css]
[www.googletagmanager.com/gtm5445.html]
[nieus2prodazstg01.blob.core.windows.net/cdr-prod/images/librariesprovider3/design-elements/hero-images/columbia-gas-employee368e.jpg]
[nieus2prodazstg01.blob.core.windows.net/cdr-prod/images/librariesprovider3/design-elements/maps/kentucky-service-territory-mapb0e9.png]
[www.columbiagasky.com/our-company/news-room/media-contacts.html]
[nieus2prodazstg01.blob.core.windows.net/cdr-prod/images/librariesprovider3/customer/mother-and-son-in-sunny-field5927.jpg]
[nieus2prodazstg01.blob.core.windows.net/cdr-prod/images/librariesprovider3/employee/employees-working-in-the-field-together5996.jpg]
[nieus2prodazstg01.blob.core.windows.net/cdr-prod/images/librariesprovider3/employee/kentucky-employees-volunteering36a8.jpg]
[nieus2prodazstg01.blob.core.windows.net/cdr-prod/images/librariesprovider3/buildings/kentucky-headquarters17d7.jpg]
[nieus2prodazstg01.blob.core.windows.net/cdr-prod/images/librariesprovider3/customer/woman-business-owner-at-workb63f.jpg]
[nieus2prodazstg01.blob.core.windows.net/cdr-prod/images/librariesprovider3/employee/columbia-gas-employee-smilingc313.jpg]
[nieus2prodazstg01.blob.core.windows.net/cdr-prod/images/librariesprovider3/customer/grandfather-and-granddaughter-outside-together6a8d.jpg]
[www.columbiagasky.com/our-company.html]
[nieus2prodazstg01.blob.core.windows.net/cdr-prod/images/librariesprovider3/design-elements/hero-images/construction-worker-carrying-lumber6ac1.jpg]
[www.columbiagasky.com/partner-with-us/builders-and-developers/service-line-and-meter-request-form.html]
[www.columbiagasky.com/partner-with-us/builders-and-developers/new-development-request-form.html]
[nieus2prodazstg01.blob.core.windows.net/cdr-prod/images/librariesprovider3/customer/mom-and-daughter-at-oven4a42.jpg]
[nieus2prodazstg01.blob.core.windows.net/cdr-prod/images/librariesprovider3/employee/field-employee-with-multiple-metersf895.jpg]
[nieus2prodazstg01.blob.core.windows.net/cdr-prod/images/librariesprovider3/customer/customers-outside-laying-in-grass2d17.jpg]
[nieus2prodazstg01.blob.core.windows.net/cdr-prod/images/librariesprovider3/service/replacing-lines451c.jpg]
[www.columbiagasky.com/partner-with-us/contractors-and-plumbers/trade-ally-enrollment.html]
[www.columbiagasky.com/partner-with-us.html]
[www.columbiagasky.com/crossbore.html]
[nieus2prodazstg01.blob.core.windows.net/cdr-prod/images/librariesprovider3/design-elements/hero-images/man-on-couch-looking-at-bill2389.jpg]
[nieus2prodazstg01.blob.core.windows.net/cdr-prod/images/librariesprovider3/bills-and-payments/cg-your-usage-coverf9ac.jpg]
[nieus2prodazstg01.blob.core.windows.net/cdr-prod/images/librariesprovider3/bills-and-payments/cky-interactive-bill/cky---back-main---account-number---residential92ed.jpg]
[nieus2prodazstg01.blob.core.windows.net/cdr-prod/images/librariesprovider3/bills-and-payments/cky-interactive-bill/cky---front-main---contact-us---residentialcf2e.jpg]
[nieus2prodazstg01.blob.core.windows.net/cdr-prod/images/librariesprovider3/bills-and-payments/cky-interactive-bill/cky---front-main---your-safety---residential2e46.jpg]
[nieus2prodazstg01.blob.core.windows.net/cdr-prod/images/librariesprovider3/bills-and-payments/cky-interactive-bill/cky---front-main---account-summary---residential.131a1cb.delay]
[nieus2prodazstg01.blob.core.windows.net/cdr-prod/images/librariesprovider3/bills-and-payments/cky-interactive-bill/cky---front-main---message-board---residential5286.jpg]
[nieus2prodazstg01.blob.core.windows.net/cdr-prod/images/librariesprovider3/bills-and-payments/cky-interactive-bill/cky---front-main---account-profile---residential.1304f99.delay]
[nieus2prodazstg01.blob.core.windows.net/cdr-prod/images/librariesprovider3/bills-and-payments/cky-interactive-bill/cky---front-main---check-payment---residential8ff8.jpg]
[nieus2prodazstg01.blob.core.windows.net/cdr-prod/images/librariesprovider3/bills-and-payments/cky-interactive-bill/cky---front-detail---contact-us---residentialf909.jpg]
[nieus2prodazstg01.blob.core.windows.net/cdr-prod/images/librariesprovider3/bills-and-payments/cky-interactive-bill/cky---front-detail---account-number---residential.1345deb.dela]
[nieus2prodazstg01.blob.core.windows.net/cdr-prod/images/librariesprovider3/bills-and-payments/cky-interactive-bill/cky---front-detail---your-safety---residentialc4e8.jpg]
[nieus2prodazstg01.blob.core.windows.net/cdr-prod/images/librariesprovider3/bills-and-payments/cky-interactive-bill/cky---front-detail---account-summary---residential.1384dd3.del]
[nieus2prodazstg01.blob.core.windows.net/cdr-prod/images/librariesprovider3/bills-and-payments/cky-interactive-bill/cky---back-main---detail-charges---residentialf29e.jpg]
[nieus2prodazstg01.blob.core.windows.net/cdr-prod/images/librariesprovider3/bills-and-payments/cky-interactive-bill/cky---front-detail---account-profile---residential.1379b83.del]
[nieus2prodazstg01.blob.core.windows.net/cdr-prod/images/librariesprovider3/bills-and-payments/cky-interactive-bill/cky---front-detail---message-board---residential.1390c14.delay]
[nieus2prodazstg01.blob.core.windows.net/cdr-prod/images/librariesprovider3/bills-and-payments/cky-interactive-bill/cky---front-detail---check-payment---residential.13aa555.delay]
[nieus2prodazstg01.blob.core.windows.net/cdr-prod/images/librariesprovider3/bills-and-payments/cky-interactive-bill/cky---back-main---contact-info---residentialcecd.jpg]
[nieus2prodazstg01.blob.core.windows.net/cdr-prod/images/librariesprovider3/bills-and-payments/cky-interactive-bill/cky---back-main---account-number---residential7c8f90f7-40de-4b]
[nieus2prodazstg01.blob.core.windows.net/cdr-prod/images/librariesprovider3/bills-and-payments/cky-interactive-bill/cky---back-main---wintercare---residentialc131.jpg]
[nieus2prodazstg01.blob.core.windows.net/cdr-prod/images/librariesprovider3/bills-and-payments/cky-interactive-bill/cky---back-main---legal-information---residential.13d88fa.dela]
[nieus2prodazstg01.blob.core.windows.net/cdr-prod/images/librariesprovider3/bills-and-payments/cky-interactive-bill/cky---front-main---13-month-usage-history---residential.13efd6]
[nieus2prodazstg01.blob.core.windows.net/cdr-prod/images/librariesprovider3/bills-and-payments/cky-interactive-bill/cky---back-main---helpful-definitions---residential.13c2a49.de]
[nieus2prodazstg01.blob.core.windows.net/cdr-prod/images/librariesprovider3/bills-and-payments/cky-interactive-bill/cky---back-detail---contact-info---residential7e8f.jpg]
[nieus2prodazstg01.blob.core.windows.net/cdr-prod/images/librariesprovider3/bills-and-payments/cky-interactive-bill/cky---back-detail---account-number---residential.1426797.delay]
[nieus2prodazstg01.blob.core.windows.net/cdr-prod/images/librariesprovider3/bills-and-payments/cky-interactive-bill/cky---back-detail---helpful-definitions---residential.1438f71]
[nieus2prodazstg01.blob.core.windows.net/cdr-prod/images/librariesprovider3/bills-and-payments/cky-interactive-bill/cky---back-detail---legal-information---residential.144ceeb.de]
[nieus2prodazstg01.blob.core.windows.net/cdr-prod/images/librariesprovider3/bills-and-payments/cky-interactive-bill/cky---front-detail---13-month-usage-history---residential.145a]
[nieus2prodazstg01.blob.core.windows.net/cdr-prod/images/librariesprovider3/bills-and-payments/cky-interactive-bill/cky---back-detail---wintercare---residential8fff.jpg]
[nieus2prodazstg01.blob.core.windows.net/cdr-prod/images/librariesprovider3/bills-and-payments/cky-interactive-bill/cky---back-detail---detail-charges---residential.146577e.delay]
[www.columbiagasky.com/docs/librariesprovider12/bills-and-payments/understanding-your-bill/2025-fall-newsletter_ky09251_webeb16.pdf]
[www.columbiagasky.com/docs/librariesprovider12/bills-and-payments/understanding-your-bill/summer-newsletter-jun-2025aa33.pdf]
[www.columbiagasky.com/docs/librariesprovider12/bills-and-payments/understanding-your-bill/paperless-billing-may-2025832b.pdf]
[www.columbiagasky.com/docs/librariesprovider12/bills-and-payments/understanding-your-bill/budget-plan-may-2025407c.pdf]
[www.columbiagasky.com/docs/librariesprovider12/bills-and-payments/understanding-your-bill/811-Mar-202526ba.pdf]
[www.columbiagasky.com/docs/librariesprovider12/bills-and-payments/understanding-your-bill/Buried-Lines-20240a3e.pdf]
[www.columbiagasky.com/docs/librariesprovider12/bills-and-payments/understanding-your-bill/stop-leave-call-october-2021a752.pdf]
[www.columbiagasky.com/docs/librariesprovider12/bills-and-payments/understanding-your-bill/ky_welcome1977bc.pdf]
[www.columbiagasky.com/Frontend-Assembly/Telerik.Sitefinity.Frontend/Mvc/Scripts/ExternalVideo/ExternalVideoFlowPlayera0cb.js]
[www.columbiagasky.com/bills-and-payments/understanding-your-bill.html]
[nieus2prodazstg01.blob.core.windows.net/cdr-prod/images/librariesprovider3/design-elements/hero-images/customers-running-into-new-home72f7.jpg]
[www.columbiagasky.com/services/start-stop-or-move-service.html]
[www.columbiagasky.com/our-company/about-us/ssm-tax-exemption-notice.html]
[nieus2prodazstg01.blob.core.windows.net/cdr-prod/images/librariesprovider3/design-elements/hero-images/new-kitchen1de3.jpg]
[nieus2prodazstg01.blob.core.windows.net/cdr-prod/images/librariesprovider3/design-elements/spot/spot-kids-gma4970.jpg]
[nieus2prodazstg01.blob.core.windows.net/cdr-prod/images/librariesprovider3/design-elements/spot/spot-commercial-kitchendaf6.jpg]
[www.columbiagasky.com/service-request/index.html]
[nieus2prodazstg01.blob.core.windows.net/cdr-prod/images/librariesprovider3/design-elements/spot/spot-construction-workerfd27.jpg]
[www.columbiagasky.com/construction-renovation.html]
[www.columbiagasky.com/docs/librariesprovider12/get-natural-gas/columbia-gas-of-kentucky-property-owner-agreementbcd5.pdf]
[nieus2prodazstg01.blob.core.windows.net/cdr-prod/images/librariesprovider3/customer/couple-in-kitchen-on-devicesb87d.jpg]
[www.columbiagasky.com/landlord-services.html]
[nieus2prodazstg01.blob.core.windows.net/cdr-prod/images/librariesprovider3/customer/small-business-owner-at-coffee-shop073c.jpg]
[nieus2prodazstg01.blob.core.windows.net/cdr-prod/images/librariesprovider3/employee/contractor-working-on-a-hot-water-tank2f7a.jpg]
[nieus2prodazstg01.blob.core.windows.net/cdr-prod/images/librariesprovider3/service/contractor-holding-2x4-at-construction-site577e.jpg]
[www.columbiagasky.com/business-support.html]
[www.columbiagasky.com/terminate-service.html]
[nieus2prodazstg01.blob.core.windows.net/cdr-prod/images/librariesprovider3/customer/customers-cooking-together-at-home3809.jpg]
[nieus2prodazstg01.blob.core.windows.net/cdr-prod/images/librariesprovider3/customer/gas-meter9a1a.jpg]
[nieus2prodazstg01.blob.core.windows.net/cdr-prod/images/librariesprovider3/customer/calculate-your-savings2272.jpg]
[nieus2prodazstg01.blob.core.windows.net/cdr-prod/images/librariesprovider3/customer/service-technician0231.jpg]
[nieus2prodazstg01.blob.core.windows.net/cdr-prod/images/librariesprovider3/design-elements/video-images/switch-videoe635.png]
[www.columbiagasky.com/Frontend-Assembly/SitefinityWebApp/Mvc/Scripts/ExternalVideo/ExternalVideoFlowPlayer66ef.js]
[www.columbiagasky.com/services/add-or-convert-to-gas.html]
[www.columbiagasky.com/services/add-or-convert-to-gas/gas-availability-form.html]
[www.columbiagasky.com/js/libraries/iFrameResizer7f98.js]
[www.columbiagasky.com/services/add-or-convert-to-gas/calculate-your-savings.html]
[www.columbiagasky.com/services/add-or-convert-to-gas/find-a-contractor.html]
[nieus2prodazstg01.blob.core.windows.net/cdr-prod/images/librariesprovider3/design-elements/hero-images/protection-plan-cropped174e.jpg]
[nieus2prodazstg01.blob.core.windows.net/cdr-prod/images/librariesprovider3/design-elements/logos/columbiaservicepartners_2024.tmb-smallf135.png]
[www.columbiagasky.com/our-site/columbia-service-partners.html]
[nieus2prodazstg01.blob.core.windows.net/cdr-prod/images/librariesprovider3/design-elements/icons/peace4fb0.png]
[nieus2prodazstg01.blob.core.windows.net/cdr-prod/images/librariesprovider3/design-elements/icons/convenience5769.png]
[nieus2prodazstg01.blob.core.windows.net/cdr-prod/images/librariesprovider3/design-elements/icons/reduce-cost20e9.png]
[www.columbiagasky.com/services/home-protection-plans.html]
[nieus2prodazstg01.blob.core.windows.net/cdr-prod/images/librariesprovider3/design-elements/spot/water-sewerfa76.jpg]
[nieus2prodazstg01.blob.core.windows.net/cdr-prod/images/librariesprovider3/design-elements/spot/complete-homed964.jpg]
[nieus2prodazstg01.blob.core.windows.net/cdr-prod/images/librariesprovider3/design-elements/spot/kitchen-essentials75dd.jpg]
[nieus2prodazstg01.blob.core.windows.net/cdr-prod/images/librariesprovider3/design-elements/spot/heating-and-cooling-maintenancec358.jpg]
[www.columbiagasky.com/services/home-protection-plans/homeowner-protection-plans.html]
[nieus2prodazstg01.blob.core.windows.net/cdr-prod/images/librariesprovider3/design-elements/spot/surge-protection-200048c0.jpg]
[nieus2prodazstg01.blob.core.windows.net/cdr-prod/images/librariesprovider3/design-elements/spot/surge-protection-40001da8.jpg]
[nieus2prodazstg01.blob.core.windows.net/cdr-prod/images/librariesprovider3/design-elements/icons/no-hidden-feese796.png]
[nieus2prodazstg01.blob.core.windows.net/cdr-prod/images/librariesprovider3/design-elements/icons/reliable-repairs36a5.png]
[nieus2prodazstg01.blob.core.windows.net/cdr-prod/images/librariesprovider3/design-elements/icons/cust-svc4139.png]
[www.columbiagasky.com/services/home-protection-plans/renter-protection-plans.html]
[nieus2prodazstg01.blob.core.windows.net/cdr-prod/images/librariesprovider3/design-elements/hero-images/leaves-in-natureabec.jpg]
[www.columbiagasky.com/services/renewable-energy-programs.html]
[www.columbiagasky.com/services/renewable-energy-programs/rng-for-producers.html]
[nieus2prodazstg01.blob.core.windows.net/cdr-prod/images/librariesprovider3/service/rng-producer-property-in-a-large-farm-field4757725a6dd56b95ad3cff3f00cf989e-png.244c4a3.delaye]
[nieus2prodazstg01.blob.core.windows.net/cdr-prod/images/librariesprovider3/design-elements/hero-images/gas-flames-with-employee-in-background36ce.jpg]
[www.columbiagasky.com/811.html]
[nieus2prodazstg01.blob.core.windows.net/cdr-prod/images/librariesprovider3/design-elements/video-images/gas-relight-videob346.png]
[www.columbiagasky.com/services/alert-center.html]
[nieus2prodazstg01.blob.core.windows.net/cdr-prod/images/librariesprovider3/design-elements/hero-images/construction-ahead-with-crew-working0e3b.jpg]
[nieus2prodazstg01.blob.core.windows.net/cdr-prod/images/librariesprovider3/service/field-employees-reviewing-map58e7.jpg]
[nieus2prodazstg01.blob.core.windows.net/cdr-prod/images/librariesprovider3/service/meter-setting04c3.jpg]
[www.columbiagasky.com/services/work-in-your-neighborhood.html]
[nieus2prodazstg01.blob.core.windows.net/cdr-prod/images/librariesprovider3/design-elements/video-images/infrastructure-replacement-videocb05.png]
[www.columbiagasky.com/docs/librariesprovider12/work-in-your-neighborhood/Customer-Letter-Floyd-Street.pdf]
[www.columbiagasky.com/docs/librariesprovider12/work-in-your-neighborhood/customer-letter-algonquin-ave.pdf]
[www.columbiagasky.com/docs/librariesprovider12/work-in-your-neighborhood/customer-letter-jesselin-drive.pdf]
[www.columbiagasky.com/docs/librariesprovider12/work-in-your-neighborhood/customer-letter-blue-ridge-drive.pdf]
[www.columbiagasky.com/docs/librariesprovider12/work-in-your-neighborhood/customer-letter-elm-tree-lane.pdf]
[www.columbiagasky.com/docs/librariesprovider12/work-in-your-neighborhood/Customer-Letter-Lafayette-HS.pdf]
[www.columbiagasky.com/docs/librariesprovider12/work-in-your-neighborhood/Customer-Letter-Montclair-Cooper.pdf]
[www.columbiagasky.com/docs/librariesprovider12/work-in-your-neighborhood/Customer-Letter-Richmond-Road-Ph-2.pdf]
[www.columbiagasky.com/docs/librariesprovider12/work-in-your-neighborhood/customer-letter-sunset-drive.pdf]
[www.columbiagasky.com/docs/librariesprovider12/work-in-your-neighborhood/Customer-Letter-Wolf-Run.pdf]
[www.columbiagasky.com/docs/librariesprovider12/work-in-your-neighborhood/Customer-Letter-Camelot-Mockingbird-Valley.pdf]
[www.columbiagasky.com/docs/librariesprovider12/work-in-your-neighborhood/customer-letter-burns-ave.pdf]
[www.columbiagasky.com/services/work-in-your-neighborhood/pipeline-replacement-projects.html]
[www.columbiagasky.com/services/work-in-your-neighborhood/meter-replacement-program.html]
[nieus2prodazstg01.blob.core.windows.net/cdr-prod/images/librariesprovider3/service/vegetation-management-pipeline-right-of-way-in-a-forest3636.jpg]
[nieus2prodazstg01.blob.core.windows.net/cdr-prod/images/librariesprovider3/service/pipeline-vegetation-management-video-placeholder-image4f76.png]
[nieus2prodazstg01.blob.core.windows.net/cdr-prod/images/librariesprovider3/service/vegetation-management-pollinator-habitat3a82.jpg]
[www.columbiagasky.com/services/work-in-your-neighborhood/vegetation-management/vegetation-management-photo-gallery.html]
[www.columbiagasky.com/docs/librariesprovider12/work-in-your-neighborhood/racoon-friends-on-row-black-and-white.pdf]
[nieus2prodazstg01.blob.core.windows.net/cdr-prod/images/librariesprovider3/service/vegetation-management-we-live-here-too-coloring-page0c3d.jpg]
[nieus2prodazstg01.blob.core.windows.net/cdr-prod/images/librariesprovider3/service/vegetation-management-partner-logosfd28.jpg]
[www.columbiagasky.com/services/work-in-your-neighborhood/vegetation-management.html]
[nieus2prodazstg01.blob.core.windows.net/cdr-prod/images/librariesprovider3/design-elements/hero-images/property-restorationec57.jpg]
[nieus2prodazstg01.blob.core.windows.net/cdr-prod/images/librariesprovider3/design-elements/spot/sidewalk-patching06db.jpg]
[nieus2prodazstg01.blob.core.windows.net/cdr-prod/images/librariesprovider3/design-elements/spot/sidewalk-pavingf7b8.jpg]
[nieus2prodazstg01.blob.core.windows.net/cdr-prod/images/librariesprovider3/design-elements/spot/grass-seeding9fb9.jpg]
[nieus2prodazstg01.blob.core.windows.net/cdr-prod/images/librariesprovider3/safety/line-marking-flagsb906.jpg]
[www.columbiagasky.com/services/work-in-your-neighborhood/property-restoration.html]
[nieus2prodazstg01.blob.core.windows.net/cdr-prod/images/librariesprovider3/design-elements/hero-images/employee-at-training-center351f.jpg]
[nieus2prodazstg01.blob.core.windows.net/cdr-prod/images/librariesprovider3/customer/woman-on-phone-with-coffee56fa.jpg]
[nieus2prodazstg01.blob.core.windows.net/cdr-prod/images/librariesprovider3/campaigns/811-call-before-you-dig231c.jpg]
[nieus2prodazstg01.blob.core.windows.net/cdr-prod/images/librariesprovider3/employee/employee-looking-at-natural-gas-lines-in-customer-home9a7c.jpg]
[nieus2prodazstg01.blob.core.windows.net/cdr-prod/images/librariesprovider3/employee/kentucky-employee-by-meter7648.jpg]
[nieus2prodazstg01.blob.core.windows.net/cdr-prod/images/librariesprovider3/safety/cross-bore-image2898.jpg]
[nieus2prodazstg01.blob.core.windows.net/cdr-prod/images/librariesprovider3/safety/emergency-responders-at-training-center4cbc.jpg]
[nieus2prodazstg01.blob.core.windows.net/cdr-prod/images/librariesprovider3/safety/kyh_thumbfdee.jpg]
[www.columbiagasky.com/docs/librariesprovider12/safety/CKY-Know-Your-Home-Brochure35d5.pdf]
[www.columbiagasky.com/docs/librariesprovider12/safety/CKY-Know-Your-Home-Brochure-Spanishf258.pdf]
[www.columbiagasky.com/safety/natural-gas-safety.html]
[nieus2prodazstg01.blob.core.windows.net/cdr-prod/images/librariesprovider3/design-elements/icons/icon_listen027d.png]
[nieus2prodazstg01.blob.core.windows.net/cdr-prod/images/librariesprovider3/design-elements/icons/icon_smell0073.png]
[nieus2prodazstg01.blob.core.windows.net/cdr-prod/images/librariesprovider3/design-elements/icons/stop-listen-smell975d.png]
[nieus2prodazstg01.blob.core.windows.net/cdr-prod/images/librariesprovider3/bills-and-payments/stop-icon-20231eb2.jpg]
[nieus2prodazstg01.blob.core.windows.net/cdr-prod/images/librariesprovider3/bills-and-payments/leave-icon-2023dac9.jpg]
[nieus2prodazstg01.blob.core.windows.net/cdr-prod/images/librariesprovider3/bills-and-payments/call-icon-20234c65.jpg]
[www.columbiagasky.com/docs/librariesprovider12/safety/KY-Booklet_Mailerd41d.pdf]
[www.columbiagasky.com/docs/librariesprovider12/safety/KY-Booklet_Mailer2a84.pdf]
[nieus2prodazstg01.blob.core.windows.net/cdr-prod/images/librariesprovider3/customer/family-in-kitchen-together6cc4.jpg]
[www.columbiagasky.com/safety/natural-gas-safety/report-gas-leaks.html]
[nieus2prodazstg01.blob.core.windows.net/cdr-prod/images/librariesprovider3/design-elements/logos/811-logofb72.png]
[nieus2prodazstg01.blob.core.windows.net/cdr-prod/images/librariesprovider3/safety/mark-utilities65e5.jpg]
[nieus2prodazstg01.blob.core.windows.net/cdr-prod/images/librariesprovider3/design-elements/graphics/excavator-care-steps0d1f.jpg]
[nieus2prodazstg01.blob.core.windows.net/cdr-prod/images/librariesprovider3/service/gridhawk4e82.png]
[nieus2prodazstg01.blob.core.windows.net/cdr-prod/images/librariesprovider3/safety/tolerance-zone4c31.jpg]
[www.columbiagasky.com/safety/natural-gas-safety/call-811-before-you-dig.html]
[nieus2prodazstg01.blob.core.windows.net/cdr-prod/images/librariesprovider3/safety/gas-line-responsibility-graphic---columbia-companiesff20.jpg]
[nieus2prodazstg01.blob.core.windows.net/cdr-prod/images/librariesprovider3/default-album/gas-line-responsibility3392.jpg]
[www.columbiagasky.com/safety/natural-gas-safety/gas-line-responsibilities.html]
[nieus2prodazstg01.blob.core.windows.net/cdr-prod/images/librariesprovider3/safety/encroachment9904.png]
[www.columbiagasky.com/safety/natural-gas-safety/encroachment-awareness.html]
[nieus2prodazstg01.blob.core.windows.net/cdr-prod/images/librariesprovider3/employee/employee-visiting-customer-at-home0319.jpg]
[www.columbiagasky.com/safety/natural-gas-safety/automatic-shut-off-devices.html]
[nieus2prodazstg01.blob.core.windows.net/cdr-prod/images/librariesprovider3/design-elements/video-images/cross-bore-video393b.jpg]
[www.columbiagasky.com/safety/natural-gas-safety/sewer-line-safety.html]
[www.columbiagasky.com/safety/natural-gas-safety/pipeline-integrity-management-plan.html]
[nieus2prodazstg01.blob.core.windows.net/cdr-prod/images/librariesprovider3/safety/picarro-leak-detection-vehicle80b4.jpg]
[www.columbiagasky.com/safety/natural-gas-safety/advanced-leak-detection.html]
[nieus2prodazstg01.blob.core.windows.net/cdr-prod/images/librariesprovider3/design-elements/hero-images/excavators839e.jpg]
[nieus2prodazstg01.blob.core.windows.net/cdr-prod/images/librariesprovider3/default-album/811eng_ver_rgb-small4a4a.jpg]
[nieus2prodazstg01.blob.core.windows.net/cdr-prod/images/librariesprovider3/design-elements/maps/kentucky-damange-prevention-specialistsa30e.jpg]
[nieus2prodazstg01.blob.core.windows.net/cdr-prod/images/librariesprovider3/design-elements/icons/icon-drilling-alert-triangle.png]
[www.columbiagasky.com/docs/librariesprovider12/safety/CKY-Excavation-Fact-Sheet8e56.pdf]
[www.columbiagasky.com/docs/librariesprovider12/safety/CKY-Excavation-Fact-Sheet.pdf]
[www.columbiagasky.com/docs/librariesprovider12/safety/CKY-Excavation-Fact-Sheet-Spanish.pdf]
[www.columbiagasky.com/safety/excavators.html]
[nieus2prodazstg01.blob.core.windows.net/cdr-prod/images/librariesprovider3/design-elements/hero-images/customers-at-home-on-laptopaeee.jpg]
[nieus2prodazstg01.blob.core.windows.net/cdr-prod/images/librariesprovider3/customer/mother-and-daughter-by-fireplace8310.jpg]
[nieus2prodazstg01.blob.core.windows.net/cdr-prod/images/librariesprovider3/service/man-looking-at-venting-in-homea48a.jpg]
[www.columbiagasky.com/safety/home-safety.html]
[nieus2prodazstg01.blob.core.windows.net/cdr-prod/images/librariesprovider3/customer/family-eating-breakfast-in-kitchen-together487f.jpg]
[nieus2prodazstg01.blob.core.windows.net/cdr-prod/images/librariesprovider3/service/contractor-performing-maintenance-on-a-natural-gas-furnace359b.jpg]
[www.columbiagasky.com/safety/home-safety/appliance-safety.html]
[nieus2prodazstg01.blob.core.windows.net/cdr-prod/images/librariesprovider3/design-elements/icons/step-14710.png]
[nieus2prodazstg01.blob.core.windows.net/cdr-prod/images/librariesprovider3/design-elements/icons/step-28909.png]
[nieus2prodazstg01.blob.core.windows.net/cdr-prod/images/librariesprovider3/design-elements/icons/step-3d552.png]
[nieus2prodazstg01.blob.core.windows.net/cdr-prod/images/librariesprovider3/design-elements/video-images/co-video-placeholder-image59d5.jpg]
[www.columbiagasky.com/safety/home-safety/carbon-monoxide.html]
[www.columbiagasky.com/safety/home-safety/proper-venting.html]
[nieus2prodazstg01.blob.core.windows.net/cdr-prod/images/librariesprovider3/bills-and-payments/nipsco-has-become-aware-of-a-scamcf51.png]
[nieus2prodazstg01.blob.core.windows.net/cdr-prod/images/librariesprovider3/employee/columbia-gas-id-badgeb10e.jpg]
[www.columbiagasky.com/safety/home-safety/impostors-and-scams.html]
[www.columbiagasky.com/safety/home-safety/find-a-contractor.html]
[nieus2prodazstg01.blob.core.windows.net/cdr-prod/images/librariesprovider3/design-elements/hero-images/diggerdog-webbanner8fe9.jpg]
[nieus2prodazstg01.blob.core.windows.net/cdr-prod/images/librariesprovider3/design-elements/spot/diggerinstructions29b0.jpg]
[www.columbiagasky.com/docs/librariesprovider12/safety/diggerdogcoloringbook_ky.pdf]
[www.columbiagasky.com/staysafe.html]
[www.columbiagasky.com/docs/librariesprovider5/safety/digger-dog/DiggerDog-Checklist-HomeInspection.pdf]
[www.columbiagasky.com/docs/librariesprovider5/safety/digger-dog/DiggerDog-Checklist-Pipeline.pdf]
[www.columbiagasky.com/docs/librariesprovider5/safety/digger-dog/Digger-Dog-Birthday-Coloring-Sheet.pdf]
[www.columbiagasky.com/docs/librariesprovider5/safety/digger-dog/811-Planting-Activity-Sheet.pdf]
[www.columbiagasky.com/safety/home-safety/diggers-dog-house.html]
[nieus2prodazstg01.blob.core.windows.net/cdr-prod/images/librariesprovider3/design-elements/hero-images/winterization4a46.jpg]
[nieus2prodazstg01.blob.core.windows.net/cdr-prod/images/librariesprovider3/environment/flooding-in-streets3ece.jpg]
[nieus2prodazstg01.blob.core.windows.net/cdr-prod/images/librariesprovider3/environment/snowy-neighborhood6af3.jpg]
[nieus2prodazstg01.blob.core.windows.net/cdr-prod/images/librariesprovider3/customer/customers-with-tablet-at-homed78a.jpg]
[www.columbiagasky.com/safety/weather-safety.html]
[www.columbiagasky.com/safety/weather-safety/flooding-safety.html]
[nieus2prodazstg01.blob.core.windows.net/cdr-prod/images/librariesprovider3/bills-and-payments/tips_thermostatcc2d.jpg]
[nieus2prodazstg01.blob.core.windows.net/cdr-prod/images/librariesprovider3/bills-and-payments/tips_waterb1bc.jpg]
[nieus2prodazstg01.blob.core.windows.net/cdr-prod/images/librariesprovider3/bills-and-payments/cold-weather-energy-tips---sunc37a.jpg]
[nieus2prodazstg01.blob.core.windows.net/cdr-prod/images/librariesprovider3/bills-and-payments/tips_fan85b2.jpg]
[nieus2prodazstg01.blob.core.windows.net/cdr-prod/images/librariesprovider3/bills-and-payments/tips_oven2392.jpg]
[www.columbiagasky.com/safety/weather-safety/winter-weather-safety.html]
[nieus2prodazstg01.blob.core.windows.net/cdr-prod/images/librariesprovider3/campaigns/kyh-spring-house-columbia6293.jpg]
[nieus2prodazstg01.blob.core.windows.net/cdr-prod/images/librariesprovider3/campaigns/exterior-of-housed4ae.jpg]
[nieus2prodazstg01.blob.core.windows.net/cdr-prod/images/librariesprovider3/campaigns/200014-_basement_718x425newb3b3.jpg]
[nieus2prodazstg01.blob.core.windows.net/cdr-prod/images/librariesprovider3/campaigns/kitchen---landing3785.jpg]
[nieus2prodazstg01.blob.core.windows.net/cdr-prod/images/librariesprovider3/campaigns/living-room---landingec3d.jpg]
[nieus2prodazstg01.blob.core.windows.net/cdr-prod/images/librariesprovider3/campaigns/laundry---landing4297.jpg]
[nieus2prodazstg01.blob.core.windows.net/cdr-prod/images/librariesprovider3/campaigns/bedroom---landing6cb0.jpg]
[nieus2prodazstg01.blob.core.windows.net/cdr-prod/images/librariesprovider3/campaigns/bathroom---landingc889.jpg]
[nieus2prodazstg01.blob.core.windows.net/cdr-prod/images/librariesprovider3/campaigns/garage---landingefb5.jpg]
[nieus2prodazstg01.blob.core.windows.net/cdr-prod/images/librariesprovider3/campaigns/200014-office-718x425new5b52.jpg]
[www.columbiagasky.com/safety/know-your-home.html]
[nieus2prodazstg01.blob.core.windows.net/cdr-prod/images/librariesprovider3/campaigns/interior-view-of-home0078.jpg]
[nieus2prodazstg01.blob.core.windows.net/cdr-prod/images/librariesprovider3/campaigns/exterior-gas-odor-cgc9492.jpg]
[nieus2prodazstg01.blob.core.windows.net/cdr-prod/images/librariesprovider3/campaigns/rgb_exterior_8118d07.jpg]
[nieus2prodazstg01.blob.core.windows.net/cdr-prod/images/librariesprovider3/campaigns/installing-repairing-or-replacing-appliances-exterior2257.jpg]
[nieus2prodazstg01.blob.core.windows.net/cdr-prod/images/librariesprovider3/campaigns/natural-gas-meter-outside6b0c.jpg]
[nieus2prodazstg01.blob.core.windows.net/cdr-prod/images/librariesprovider3/campaigns/kyhencroachentimagebb5a.png]
[www.columbiagasky.com/safety/know-your-home/exterior.html]
[nieus2prodazstg01.blob.core.windows.net/cdr-prod/images/librariesprovider3/campaigns/rgb_basement_maintenance7281.jpg]
[nieus2prodazstg01.blob.core.windows.net/cdr-prod/images/librariesprovider3/campaigns/installing-repairing-or-replacing-appliances-basement1f1b.jpg]
[nieus2prodazstg01.blob.core.windows.net/cdr-prod/images/librariesprovider3/campaigns/rgb_basement_water_temperature51b5.jpg]
[nieus2prodazstg01.blob.core.windows.net/cdr-prod/images/librariesprovider3/campaigns/basement_capped95e0.jpg]
[nieus2prodazstg01.blob.core.windows.net/cdr-prod/images/librariesprovider3/campaigns/rgb_basement_codetectore7a1.jpg]
[nieus2prodazstg01.blob.core.windows.net/cdr-prod/images/librariesprovider3/campaigns/rgb_basement_sewer9583.jpg]
[nieus2prodazstg01.blob.core.windows.net/cdr-prod/images/librariesprovider3/campaigns/rgb_basement_ventilation72e9.jpg]
[nieus2prodazstg01.blob.core.windows.net/cdr-prod/images/librariesprovider3/campaigns/basement-gas-odor-cgc1f02.jpg]
[nieus2prodazstg01.blob.core.windows.net/cdr-prod/images/librariesprovider3/campaigns/basement_furnace2623.jpg]
[nieus2prodazstg01.blob.core.windows.net/cdr-prod/images/librariesprovider3/campaigns/rgb_basement_flooding38b9.jpg]
[nieus2prodazstg01.blob.core.windows.net/cdr-prod/images/librariesprovider3/campaigns/clothes-hanging-from-pipe2bf5.jpg]
[nieus2prodazstg01.blob.core.windows.net/cdr-prod/images/librariesprovider3/campaigns/basement-red-tagfe1a.jpg]
[nieus2prodazstg01.blob.core.windows.net/cdr-prod/images/librariesprovider3/campaigns/kyh_methane_basement1787.png]
[www.columbiagasky.com/safety/know-your-home/basement.html]
[nieus2prodazstg01.blob.core.windows.net/cdr-prod/images/librariesprovider3/campaigns/rgb_kitchen_maintenance9640.jpg]
[nieus2prodazstg01.blob.core.windows.net/cdr-prod/images/librariesprovider3/campaigns/rgb_kitchen_codetector1941.jpg]
[nieus2prodazstg01.blob.core.windows.net/cdr-prod/images/librariesprovider3/campaigns/installing-repairing-or-replacing-appliances-kitchen35f6.jpg]
[nieus2prodazstg01.blob.core.windows.net/cdr-prod/images/librariesprovider3/campaigns/kitchen-gas-odor-cgc8360.jpg]
[nieus2prodazstg01.blob.core.windows.net/cdr-prod/images/librariesprovider3/campaigns/rgb_kitchen_ventilation5425.jpg]
[nieus2prodazstg01.blob.core.windows.net/cdr-prod/images/librariesprovider3/campaigns/kitchen-red-tag183f.jpg]
[nieus2prodazstg01.blob.core.windows.net/cdr-prod/images/librariesprovider3/campaigns/kyh_methane_kitchen82eb.png]
[www.columbiagasky.com/safety/know-your-home/kitchen.html]
[nieus2prodazstg01.blob.core.windows.net/cdr-prod/images/librariesprovider3/campaigns/livingroom-gas-odor-cgc1231.jpg]
[nieus2prodazstg01.blob.core.windows.net/cdr-prod/images/librariesprovider3/campaigns/installing-repairing-or-replacing-appliances-livingroom8fb5.jpg]
[nieus2prodazstg01.blob.core.windows.net/cdr-prod/images/librariesprovider3/campaigns/rgb_livingroom_codetector2556.jpg]
[nieus2prodazstg01.blob.core.windows.net/cdr-prod/images/librariesprovider3/campaigns/rgb_livingroom_flammable_productse5b6.jpg]
[nieus2prodazstg01.blob.core.windows.net/cdr-prod/images/librariesprovider3/campaigns/rgb_livingroom_ventilationbfd7.jpg]
[nieus2prodazstg01.blob.core.windows.net/cdr-prod/images/librariesprovider3/campaigns/rgb_livingroom_temperatureef2a.jpg]
[nieus2prodazstg01.blob.core.windows.net/cdr-prod/images/librariesprovider3/campaigns/flame-in-fireplacefcd5.jpg]
[nieus2prodazstg01.blob.core.windows.net/cdr-prod/images/librariesprovider3/campaigns/living-room-red-tagee8f.jpg]
[nieus2prodazstg01.blob.core.windows.net/cdr-prod/images/librariesprovider3/campaigns/kyh_methane_livingroom32a3.png]
[www.columbiagasky.com/safety/know-your-home/living-room.html]
[nieus2prodazstg01.blob.core.windows.net/cdr-prod/images/librariesprovider3/campaigns/laundry-gas-odor-cgc30c7.jpg]
[nieus2prodazstg01.blob.core.windows.net/cdr-prod/images/librariesprovider3/campaigns/installing-repairing-or-replacing-appliances-laundryca13.jpg]
[nieus2prodazstg01.blob.core.windows.net/cdr-prod/images/librariesprovider3/campaigns/rgb_laundry_codetectord817.jpg]
[nieus2prodazstg01.blob.core.windows.net/cdr-prod/images/librariesprovider3/campaigns/rgb_laundry_ventilation95b0.jpg]
[nieus2prodazstg01.blob.core.windows.net/cdr-prod/images/librariesprovider3/campaigns/rgb_laundry_capped3c4f.jpg]
[nieus2prodazstg01.blob.core.windows.net/cdr-prod/images/librariesprovider3/campaigns/rgb_laundry_maintenanced77b.jpg]
[nieus2prodazstg01.blob.core.windows.net/cdr-prod/images/librariesprovider3/campaigns/laundry-red-tag63eb.jpg]
[www.columbiagasky.com/safety/know-your-home/laundry.html]
[nieus2prodazstg01.blob.core.windows.net/cdr-prod/images/librariesprovider3/campaigns/installing-repairing-or-replacing-appliances-bathroom52d8.jpg]
[nieus2prodazstg01.blob.core.windows.net/cdr-prod/images/librariesprovider3/campaigns/bathroom-gas-odor-cgcb067.jpg]
[nieus2prodazstg01.blob.core.windows.net/cdr-prod/images/librariesprovider3/campaigns/rgb_bathroom_boresewer_linesf864.jpg]
[nieus2prodazstg01.blob.core.windows.net/cdr-prod/images/librariesprovider3/campaigns/rgb_bathroom_scalding1b7e.jpg]
[nieus2prodazstg01.blob.core.windows.net/cdr-prod/images/librariesprovider3/campaigns/rgb_bathroom_ventilation8a86.jpg]
[nieus2prodazstg01.blob.core.windows.net/cdr-prod/images/librariesprovider3/campaigns/rgb_bathroom_bubbling_water06d5.jpg]
[nieus2prodazstg01.blob.core.windows.net/cdr-prod/images/librariesprovider3/campaigns/toilet-with-no-wipes-sign112f.jpg]
[www.columbiagasky.com/safety/know-your-home/bathroom.html]
[nieus2prodazstg01.blob.core.windows.net/cdr-prod/images/librariesprovider3/campaigns/rgb_bedroom_codetectore8dc.jpg]
[nieus2prodazstg01.blob.core.windows.net/cdr-prod/images/librariesprovider3/campaigns/bedroom-furnaceda7c.jpg]
[nieus2prodazstg01.blob.core.windows.net/cdr-prod/images/librariesprovider3/campaigns/bedroom-gas-odor-cgc4eca.jpg]
[nieus2prodazstg01.blob.core.windows.net/cdr-prod/images/librariesprovider3/campaigns/installing-repairing-or-replacing-appliances-bedroom281e.jpg]
[www.columbiagasky.com/safety/know-your-home/bedroom.html]
[nieus2prodazstg01.blob.core.windows.net/cdr-prod/images/librariesprovider3/campaigns/garage-gas-odor-cgc5830715a6dd56b95ad3cff3f00cf989ea4af.jpg]
[nieus2prodazstg01.blob.core.windows.net/cdr-prod/images/librariesprovider3/campaigns/installing-repairing-or-replacing-appliances-garage4c12.jpg]
[www.columbiagasky.com/safety/know-your-home/garage.html]
[nieus2prodazstg01.blob.core.windows.net/cdr-prod/images/librariesprovider3/campaigns/office-gas-odor-cgc810e.jpg]
[nieus2prodazstg01.blob.core.windows.net/cdr-prod/images/librariesprovider3/campaigns/office-codetector19db.jpg]
[www.columbiagasky.com/safety/know-your-home/office.html]
[nieus2prodazstg01.blob.core.windows.net/cdr-prod/images/librariesprovider3/design-elements/hero-images/happy-asian-couple-sitting-on-couch-with-credit-cardeac7.jpg]
[nieus2prodazstg01.blob.core.windows.net/cdr-prod/images/librariesprovider3/system-images/orange_cost7925.png]
[www.columbiagasky.com/bills-and-payments/pay-my-bill.html]
[nieus2prodazstg01.blob.core.windows.net/cdr-prod/images/librariesprovider3/customer/young-woman-using-laptop-and-credit-card-at-home-to-make-an-online-bill-payment.54b39e7.delay]
[nieus2prodazstg01.blob.core.windows.net/cdr-prod/images/librariesprovider3/design-elements/hero-images/father-and-daughter-with-dog65d5.jpg]
[nieus2prodazstg01.blob.core.windows.net/cdr-prod/images/librariesprovider3/customer/couple-paying-billsd9d0.jpg]
[nieus2prodazstg01.blob.core.windows.net/cdr-prod/images/librariesprovider3/customer/mother-and-son-on-bed0216.jpg]
[nieus2prodazstg01.blob.core.windows.net/cdr-prod/images/librariesprovider3/customer/mother-and-daughter-at-window4f37.jpg]
[nieus2prodazstg01.blob.core.windows.net/cdr-prod/images/librariesprovider3/customer/middle-eastern-man-in-blue-shirt-holding-a-cell-phone19de.jpg]
[nieus2prodazstg01.blob.core.windows.net/cdr-prod/images/librariesprovider3/customer/customer-on-phone-with-coffee0cde.jpg]
[nieus2prodazstg01.blob.core.windows.net/cdr-prod/images/librariesprovider3/customer/customer-paying-in-person0fcb.jpg]
[nieus2prodazstg01.blob.core.windows.net/cdr-prod/images/librariesprovider3/customer/small-business-tailor-at-work02da.jpg]
[www.columbiagasky.com/bills-and-payments/payment-options.html]
[www.columbiagasky.com/bills-and-payments/payment-options/find-a-payment-location.html]
[nieus2prodazstg01.blob.core.windows.net/cdr-prod/images/librariesprovider3/design-elements/hero-images/man-checking-mobile8acf.jpg]
[nieus2prodazstg01.blob.core.windows.net/cdr-prod/images/librariesprovider3/customer/woman-on-laptop-and-phone790d.jpg]
[nieus2prodazstg01.blob.core.windows.net/cdr-prod/images/librariesprovider3/customer/grandparents-and-grandchild-outside6450.jpg]
[www.columbiagasky.com/bills-and-payments/report-a-payment.html]
[nieus2prodazstg01.blob.core.windows.net/cdr-prod/images/librariesprovider3/design-elements/hero-images/happy-family-in-the-kitchenc683.jpg]
[nieus2prodazstg01.blob.core.windows.net/cdr-prod/images/librariesprovider3/customer/mother-and-daughter-coloring-in-kitchen4cbc.jpg]
[nieus2prodazstg01.blob.core.windows.net/cdr-prod/images/librariesprovider3/customer/woman-on-laptop-in-kitchenb0ed.jpg]
[nieus2prodazstg01.blob.core.windows.net/cdr-prod/images/librariesprovider3/customer/baker-business-owners-at-work9830.jpg]
[www.columbiagasky.com/bills-and-payments/billing-programs.html]
[nieus2prodazstg01.blob.core.windows.net/cdr-prod/images/librariesprovider3/customer/familyoncouch-276178905333f.jpg]
[nieus2prodazstg01.blob.core.windows.net/cdr-prod/images/librariesprovider3/bills-and-payments/kentucky-detail-chargese65d2700-fc63-4dba-8ad7-705640222a61963f.png]
[www.columbiagasky.com/Frontend-Assembly/SitefinityWebApp/Mvc/Scripts/ChoiceCalculator/ChoiceCalculatora0cb.js]
[www.columbiagasky.com/bills-and-payments/billing-programs/choice.html]
[nieus2prodazstg01.blob.core.windows.net/cdr-prod/images/librariesprovider3/design-elements/hero-images/web-supplier-bannerbe19.jpg]
[nieus2prodazstg01.blob.core.windows.net/cdr-prod/images/librariesprovider3/design-elements/hero-images/natural-gas-transportation-line806f.jpg]
[nieus2prodazstg01.blob.core.windows.net/cdr-prod/images/librariesprovider3/design-elements/spot/woman-at-desk3801.jpg]
[www.columbiagasky.com/bills-and-payments/billing-programs/delivery-service.html]
[nieus2prodazstg01.blob.core.windows.net/cdr-prod/images/librariesprovider3/design-elements/hero-images/budgetplan-hero5721.jpg]
[nieus2prodazstg01.blob.core.windows.net/cdr-prod/images/librariesprovider3/bills-and-payments/budget-plan-cover5fdb.jpg]
[nieus2prodazstg01.blob.core.windows.net/cdr-prod/images/librariesprovider3/bills-and-payments/blue-bar-graph-showing-how-monthly-bills-change-for-non-budget-plan-customers.5e57a]
[nieus2prodazstg01.blob.core.windows.net/cdr-prod/images/librariesprovider3/bills-and-payments/blue-bar-graph-charts-showing-the-same-monthly-bills-when-on-a-budget-plan.5e60340]
[nieus2prodazstg01.blob.core.windows.net/cdr-prod/images/librariesprovider3/campaigns/budget-plan-video-img606f.png]
[www.columbiagasky.com/bills-and-payments/billing-programs/budget-plan.html]
[nieus2prodazstg01.blob.core.windows.net/cdr-prod/images/librariesprovider3/design-elements/icons/lock-iconfaf6.jpg]
[nieus2prodazstg01.blob.core.windows.net/cdr-prod/images/librariesprovider3/design-elements/icons/leaf-icon86a2f464-9a69-413e-b8be-58f7bcef5754.jpg]
[nieus2prodazstg01.blob.core.windows.net/cdr-prod/images/librariesprovider3/design-elements/icons/clock-icon64a8.jpg]
[nieus2prodazstg01.blob.core.windows.net/cdr-prod/images/librariesprovider3/customer/woman-smiling-drinking-coffee-on-laptop5c06.jpg]
[nieus2prodazstg01.blob.core.windows.net/cdr-prod/images/librariesprovider3/design-elements/video-images/account-portald60d.jpg]
[nieus2prodazstg01.blob.core.windows.net/cdr-prod/images/librariesprovider3/customer/guy-on-device-earthday-oh-vaf625.jpg]
[nieus2prodazstg01.blob.core.windows.net/cdr-prod/images/librariesprovider3/design-elements/icons/budget.tmb-thumb36cfa8.png]
[nieus2prodazstg01.blob.core.windows.net/cdr-prod/images/librariesprovider3/design-elements/icons/autopay.tmb-thumb3616b8.png]
[nieus2prodazstg01.blob.core.windows.net/cdr-prod/images/librariesprovider3/design-elements/icons/notification.tmb-thumb36cfa8.png]
[www.columbiagasky.com/bills-and-payments/billing-programs/paperless.html]
[nieus2prodazstg01.blob.core.windows.net/cdr-prod/images/librariesprovider3/design-elements/hero-images/woman-laptop-dogsbc98.jpg]
[www.columbiagasky.com/docs/librariesprovider12/bills-and-payments/Columbia-Gas-of-Kentucky-AutoPay-Form-10-2024-Fillable.pdf]
[nieus2prodazstg01.blob.core.windows.net/cdr-prod/images/librariesprovider3/design-elements/icons/bills-payments2143.png]
[www.columbiagasky.com/bills-and-payments/billing-programs/autopay.html]
[nieus2prodazstg01.blob.core.windows.net/cdr-prod/images/librariesprovider3/design-elements/hero-images/mother-and-son-with-cat8535.jpg]
[nieus2prodazstg01.blob.core.windows.net/cdr-prod/images/librariesprovider3/employee/employee-working-at-metera8b4.jpg]
[nieus2prodazstg01.blob.core.windows.net/cdr-prod/images/librariesprovider3/customer/couple-on-laptop-together63a4.jpg]
[nieus2prodazstg01.blob.core.windows.net/cdr-prod/images/librariesprovider3/customer/family-together-on-couch35ef.jpg]
[nieus2prodazstg01.blob.core.windows.net/cdr-prod/images/librariesprovider3/customer/woman-caring-for-another-woman4044.jpg]
[nieus2prodazstg01.blob.core.windows.net/cdr-prod/images/librariesprovider3/employee/employee-on-phone-using-headsetb493.jpg]
[www.columbiagasky.com/bills-and-payments/financial-support.html]
[nieus2prodazstg01.blob.core.windows.net/cdr-prod/images/librariesprovider3/customer/homeowners-paying-billsaa8f.jpg]
[nieus2prodazstg01.blob.core.windows.net/cdr-prod/images/librariesprovider3/customer/mother-and-daughter-in-pool-together8cbc.jpg]
[www.columbiagasky.com/docs/librariesprovider12/bills-and-payments/cky-energy-assistance-fact-sheet.pdf]
[www.columbiagasky.com/bills-and-payments/financial-support/income-eligible-assistance-programs.html]
[nieus2prodazstg01.blob.core.windows.net/cdr-prod/images/librariesprovider3/bills-and-payments/3-month-payment-plan-icon025a.jpg]
[nieus2prodazstg01.blob.core.windows.net/cdr-prod/images/librariesprovider3/bills-and-payments/6-month-payment-plan-iconca8f.jpg]
[www.columbiagasky.com/bills-and-payments/financial-support/payment-plans.html]
[www.columbiagasky.com/bills-and-payments/financial-support/shutoff-and-reconnect-process.html]
[www.columbiagasky.com/docs/librariesprovider12/bills-and-payments/kentucky-gift-of-energy-form-181913.pdf]
[www.columbiagasky.com/bills-and-payments/financial-support/give-the-gift-of-energy.html]
[www.columbiagasky.com/bills-and-payments/financial-support/contribute-to-wintercare.html]
[nieus2prodazstg01.blob.core.windows.net/cdr-prod/images/librariesprovider3/design-elements/hero-images/ee_home_heroimage6c6e.jpg]
[nieus2prodazstg01.blob.core.windows.net/cdr-prod/images/librariesprovider3/customer/dad-and-son-in-living-areaa64c.jpg]
[nieus2prodazstg01.blob.core.windows.net/cdr-prod/images/librariesprovider3/customer/women-standing-by-window4091.jpg]
[www.columbiagasky.com/energy-efficiency/for-your-home.html]
[www.columbiagasky.com/energy-efficiency/for-your-home/home-energy-tips.html]
[nieus2prodazstg01.blob.core.windows.net/cdr-prod/images/librariesprovider3/design-elements/hero-images/small-business-owner-on-tabletc57a.jpg]
[www.columbiagasky.com/energy-efficiency/for-your-business.html]
[www.columbiagasky.com/energy-efficiency/for-your-business/business-energy-tips.html]
[www.columbiagasky.com/docs/librariesprovider12/bills-and-payments/kentucky-energy-assistance-fact-sheet---spanish.pdf]
[www.columbiagasky.com/energy-assistance-resource-center.html]
[www.columbiagasky.com/bills-and-payments/financial-support/income-eligible-assistance-programs/eligibility-calculator.html]
[nieus2prodazstg01.blob.core.windows.net/cdr-prod/images/librariesprovider3/default-album/we-39-re-here-for-you-with-colorful-animated-homes-and-hills-in-background.6f4e943.delay]
[nieus2prodazstg01.blob.core.windows.net/cdr-prod/images/librariesprovider3/design-elements/hero-images/halep-banner-collage786b.jpg]
[nieus2prodazstg01.blob.core.windows.net/cdr-prod/images/librariesprovider3/design-elements/icons/icon-my-account.png]
[nieus2prodazstg01.blob.core.windows.net/cdr-prod/images/librariesprovider3/design-elements/icons/icon-chatbotdf01.png]
[nieus2prodazstg01.blob.core.windows.net/cdr-prod/images/librariesprovider3/design-elements/icons/icon-mobile.png]
[nieus2prodazstg01.blob.core.windows.net/cdr-prod/images/librariesprovider3/design-elements/icons/icon-ivr.png]
[www.columbiagasky.com/help/self-service.html]
[nieus2prodazstg01.blob.core.windows.net/cdr-prod/images/librariesprovider3/design-elements/hero-images/web-heroac7f.jpg]
[nieus2prodazstg01.blob.core.windows.net/cdr-prod/images/librariesprovider3/campaigns/devicesf77e835a6dd56b95ad3cff3f00cf989ef6ad.jpg]
[nieus2prodazstg01.blob.core.windows.net/cdr-prod/images/librariesprovider3/design-elements/icons/digitization-money-info-icon.tmb-thumb80dad6.png]
[nieus2prodazstg01.blob.core.windows.net/cdr-prod/images/librariesprovider3/design-elements/icons/digitization-acc-management-icon.tmb-thumb805c05.png]
[nieus2prodazstg01.blob.core.windows.net/cdr-prod/images/librariesprovider3/design-elements/icons/digitization-question-icon.tmb-thumb80.png]
[nieus2prodazstg01.blob.core.windows.net/cdr-prod/images/librariesprovider3/design-elements/icons/digitization-usage-info-icon.tmb-thumb804e43.png]
[nieus2prodazstg01.blob.core.windows.net/cdr-prod/images/librariesprovider3/design-elements/icons/digitization-house-info-iconab12.png]
[nieus2prodazstg01.blob.core.windows.net/cdr-prod/images/librariesprovider3/design-elements/icons/digitization-convenience-icon.tmb-thumb80e485.png]
[nieus2prodazstg01.blob.core.windows.net/cdr-prod/images/librariesprovider3/customer/monitor-usage3c32.jpg]
[nieus2prodazstg01.blob.core.windows.net/cdr-prod/images/librariesprovider3/design-elements/icons/icon-mobile3e39.png]
[nieus2prodazstg01.blob.core.windows.net/cdr-prod/images/librariesprovider3/design-elements/icons/icon-ivr6248.png]
[www.columbiagasky.com/campaigns/web.html]
[nieus2prodazstg01.blob.core.windows.net/cdr-prod/images/librariesprovider3/design-elements/hero-images/women-smartphone-mobile-outdoor_13743281878e11.jpg]
[nieus2prodazstg01.blob.core.windows.net/cdr-prod/images/librariesprovider3/customer/download-app-store-nipsco6f1c.jpg]
[nieus2prodazstg01.blob.core.windows.net/cdr-prod/images/librariesprovider3/customer/download-google-play-nipscob9d4.jpg]
[nieus2prodazstg01.blob.core.windows.net/cdr-prod/images/librariesprovider3/design-elements/icons/icon-my-accountd7eb.png]
[www.columbiagasky.com/campaigns/mobile-app.html]
[nieus2prodazstg01.blob.core.windows.net/cdr-prod/images/librariesprovider3/design-elements/hero-images/man-with-mobile-on-blue32de.jpg]
[nieus2prodazstg01.blob.core.windows.net/cdr-prod/images/librariesprovider3/design-elements/chatbot-phone1a6d.jpg]
[nieus2prodazstg01.blob.core.windows.net/cdr-prod/images/librariesprovider3/design-elements/art/csr7d29.jpg]
[www.columbiagasky.com/campaigns/chat.html]
[nieus2prodazstg01.blob.core.windows.net/cdr-prod/images/librariesprovider3/design-elements/hero-images/nina-webbanner1468.jpg]
[nieus2prodazstg01.blob.core.windows.net/cdr-prod/images/librariesprovider3/design-elements/video-images/nina_16x9_videothumbe5fd.png]
[nieus2prodazstg01.blob.core.windows.net/cdr-prod/images/librariesprovider3/customer/mature-woman-on-phone-with-computere62a.jpg]
[nieus2prodazstg01.blob.core.windows.net/cdr-prod/images/librariesprovider3/design-elements/icons/nina-phase2-talkandtextc6a8.png]
[nieus2prodazstg01.blob.core.windows.net/cdr-prod/images/librariesprovider3/design-elements/icons/nina-phase2-startstopmoveb324.png]
[nieus2prodazstg01.blob.core.windows.net/cdr-prod/images/librariesprovider3/design-elements/icons/nina-phase2-rescheduleservice3510.png]
[nieus2prodazstg01.blob.core.windows.net/cdr-prod/images/librariesprovider3/design-elements/icons/nina-phase2-checkorderstatus7101.png]
[nieus2prodazstg01.blob.core.windows.net/cdr-prod/images/librariesprovider3/design-elements/icons/nina-phase2-updatecontactinformationc27f.png]
[nieus2prodazstg01.blob.core.windows.net/cdr-prod/images/librariesprovider3/design-elements/icons/nina-phase2-enrollinprogramslikepaymentplanorbudgetbilling24cd.png]
[nieus2prodazstg01.blob.core.windows.net/cdr-prod/images/librariesprovider3/customer/businesswoman-uses-her-mobile-phone-at-her-desk1309.jpg]
[www.columbiagasky.com/campaigns/phone.html]
[www.columbiagasky.com/help/forms.html]
[www.columbiagasky.com/help/help-center/contact-us/document-upload-form.html]
[www.columbiagasky.com/help/forms/feedback-form.html]
[www.columbiagasky.com/help/quick-links.html]
[ajax.googleapis.com/ajax/libs/angularjs/1.5.0/angular.min.js]
[www.columbiagasky.com/Frontend-Assembly/Springthrough.Sitefinity.Search/Mvc/Scripts/st.search.mine07e.js]
[www.columbiagasky.com/Mvc/Scripts/FacetSearchResults/helpsearchresultscontroller7f98.js]
[www.columbiagasky.com/Frontend-Assembly/Springthrough.Sitefinity.AngularJS/Mvc/Scripts/AngularApp/st.min66ef.js]
[www.columbiagasky.com/help/help-center.html]
[www.columbiagasky.com/Mvc/Scripts/FacetSearchResults/faqitemresultscontroller7f98.js]
[www.columbiagasky.com/help/search-faqs.html]
[nieus2prodazstg01.blob.core.windows.net/cdr-prod/images/librariesprovider3/design-elements/hero-images/dad-and-daughter-on-tablet1d51.jpg]
[nieus2prodazstg01.blob.core.windows.net/cdr-prod/images/librariesprovider3/design-elements/icons/facebookf563425a6dd56b95ad3cff3f00cf989ecdab.png]
[nieus2prodazstg01.blob.core.windows.net/cdr-prod/images/librariesprovider3/design-elements/icons/twitterf43c.png]
[nieus2prodazstg01.blob.core.windows.net/cdr-prod/images/librariesprovider3/design-elements/icons/linkedinb0a5.png]
[www.columbiagasky.com/help/help-center/contact-us.html]
[www.columbiagasky.com/service-request.html]
[www.columbiagasky.com/services/renewable-energy-programs/rng-for-producers/renewable-natural-gas-application.html]
[nieus2prodazstg01.blob.core.windows.net/cdr-prod/images/librariesprovider3/default-album/contractor-working-on-natural-gas-furnace96e0.jpg]
[nieus2prodazstg01.blob.core.windows.net/cdr-prod/images/librariesprovider3/service/natural-gas-generator-outside3d4d.jpg]
[nieus2prodazstg01.blob.core.windows.net/cdr-prod/images/librariesprovider3/service/contractor-performing-maintenance-on-natural-gas-water-heater0c04.jpg]
[nieus2prodazstg01.blob.core.windows.net/cdr-prod/images/librariesprovider3/service/natural-gas-fireplacef5de.jpg]
[nieus2prodazstg01.blob.core.windows.net/cdr-prod/images/librariesprovider3/design-elements/video-images/diy-videocdc4.jpg]
[www.columbiagasky.com/safety/home-safety/appliance-safety/safe-appliance-installation.html]
[nieus2prodazstg01.blob.core.windows.net/cdr-prod/images/librariesprovider3/default-album/uncapped-gas-lines8b6f.jpg]
[www.columbiagasky.com/safety/home-safety/appliance-safety/care-for-your-appliances.html]
[unpkg.com/flickity@2.3.0/dist/flickity.min.css]
[www.columbiagasky.com/our-company/about-us/regulatory-information.html]
[www.columbiagasky.com/footer-menu/our-company.html]
[www.columbiagasky.com/our-company/about-us.html]
[nieus2prodazstg01.blob.core.windows.net/cdr-prod/images/librariesprovider3/design-elements/graphics/pillars-of-givingf685.png]
[www.columbiagasky.com/our-company/about-us/giving-back.html]
[nieus2prodazstg01.blob.core.windows.net/cdr-prod/images/librariesprovider3/environment/monarch-butterfly-weigh-station19c7.jpg]
[nieus2prodazstg01.blob.core.windows.net/cdr-prod/images/librariesprovider3/environment/reused-pipelines7119.jpg]
[www.columbiagasky.com/our-company/about-us/our-environment.html]
[nieus2prodazstg01.blob.core.windows.net/cdr-prod/images/librariesprovider3/bills-and-payments/wellington68bb.jpg]
[www.columbiagasky.com/our-company/news-room/article/the-buzz-around-town--we've-expanded-our-pollinator-program.html]
[www.columbiagasky.com/our-company/news-room/article/summer_construction_zones.html]
[nieus2prodazstg01.blob.core.windows.net/cdr-prod/images/librariesprovider3/customer/rs_kids_construction_zone_503455.jpg]
[www.columbiagasky.com/our-company/news-room/article/columbia-gas-reminds-drivers-to-slow-down-use-caution-in-work-zones.html]
[nieus2prodazstg01.blob.core.windows.net/cdr-prod/images/librariesprovider3/customer/work-zone-safety1c14.jpg]
[www.columbiagasky.com/our-company/news-room/article/Winter-tips.html]
[nieus2prodazstg01.blob.core.windows.net/cdr-prod/images/librariesprovider3/email-assets/get-reconnected-winter-newsletter-2023dcfc.jpg]
[www.columbiagasky.com/our-company/news-room/article/carbon-monoxide-safety-tips.html]
[www.columbiagasky.com/our-company/news-room/article/Energy-Efficiency-Day.html]
[www.columbiagasky.com/our-company/news-room/article/columbia-gas-urges-call-to-811-prior-to-digging.html]
[www.columbiagasky.com/our-company/news-room/article/columbia-gas-.html]
[www.columbiagasky.com/our-company/news-room/article/nisource-celebrates-multiple-brands-named-as-2024-most-trusted-utility-brands-award-recipients.html]
[nieus2prodazstg01.blob.core.windows.net/cdr-prod/images/librariesprovider3/bills-and-payments/1720457541269-resized-4500115.jpg]
[www.columbiagasky.com/our-company/news-room.html]
[www.columbiagasky.com/footer-menu/partner-with-us.html]
[www.columbiagasky.com/partner-with-us/builders-and-developers.html]
[nieus2prodazstg01.blob.core.windows.net/cdr-prod/images/librariesprovider3/design-elements/hero-images/contractor-working-on-appliance0e55.jpg]
[www.columbiagasky.com/docs/librariesprovider3/email-documents/220043---KY-Participating-Contractor-Agreement_REVoct22927d.pdf]
[www.columbiagasky.com/partner-with-us/contractors-and-plumbers.html]
[nieus2prodazstg01.blob.core.windows.net/cdr-prod/images/librariesprovider3/design-elements/hero-images/business-owner-working-in-a-shop3a6a.jpg]
[www.columbiagasky.com/partner-with-us/economic-development.html]
[nieus2prodazstg01.blob.core.windows.net/cdr-prod/images/librariesprovider3/design-elements/hero-images/emergency-responder-trainingc05e.jpg]
[nieus2prodazstg01.blob.core.windows.net/cdr-prod/images/librariesprovider3/safety/emergency_responders_thumb_cg.jpg]
[www.columbiagasky.com/docs/librariesprovider3/safety/EmergencyResponderPoster_11x17_CKY.pdf]
[www.columbiagasky.com/partner-with-us/emergency-responders.html]
[www.columbiagasky.com/footer-menu/you-need-help.html]
[www.columbiagasky.com/our-site/terms-of-use.html]
[www.columbiagasky.com/our-site/privacy-notice.html]
[www.columbiagasky.com/our-site/accessibility-statement.html]
[www.columbiagasky.com/our-site/cookie-policy.html]
[srm.columbiagas.com/Smartbot/images/popup-inactive.html]
[srm.columbiagas.com/Smartbot/images/popup-active.html]
[srm.columbiagas.com/Smartbot/close_ico.html]
[srm.columbiagas.com/Smartbot/images/avtr.html]
[srm.columbiagas.com/Smartbot/images/icon-min.html]
[srm.columbiagas.com/Smartbot/images/icon-close.html]
[srm.columbiagas.com/Smartbot/close_ico_mob.html]
[srm.columbiagas.com/Smartbot/images/arrow-inactive.html]
[srm.columbiagas.com/Smartbot/images/arrow-active.html]
[www.columbiagasky.com/css/Fonts/GoldenPlains/golden-plains.svg]
[www.columbiagasky.com/css/Fonts/font-awesome/fonts/fontawesome-webfont3e6e.svg]
[www.columbiagasky.com/ResourcePackages/Bootstrap/assets/dist/fonts/bootstrap/glyphicons-halflings-regular.svg]
[www.columbiagasky.com/fonts/sf-icon-font5ba7.svg]
[www.columbiagasky.com/error-pages/4048d9a.html]
[www.columbiagasky.com/error-pages/404e8be.html]
[www.columbiagasky.com/css/images/columbia-suppliers-base-mobile.html]
[www.columbiagasky.com/css/images/columbia-suppliers-base-map.html]
[www.columbiagasky.com/our-company/news-room/media-contacts.html]
[www.columbiagasky.com/partner-with-us/builders-and-developers/service-line-and-meter-request-form.html]
[www.columbiagasky.com/partner-with-us/builders-and-developers/new-development-request-form.html]
[www.columbiagasky.com/partner-with-us/contractors-and-plumbers/trade-ally-enrollment.html]
[www.columbiagasky.com/crossbore.html]
[www.columbiagasky.com/docs/librariesprovider12/company/CKYTaxSheet_ResidentialForm.pdf]
[www.columbiagasky.com/our-company/about-us/ssm-tax-exemption-notice.html]
[www.columbiagasky.com/service-request/index.html]
[nieus2prodazstg01.blob.core.windows.net/cdr-prod/images/librariesprovider3/design-elements/logos/columbiaservicepartners_2024655d.png]
[www.columbiagasky.com/our-site/columbia-service-partners.html]
[www.columbiagasky.com/811.html]
[www.columbiagasky.com/Frontend-Assembly/Telerik.Sitefinity.Frontend.Media/assets/magnific/magnific-popup6b10.css]
[www.columbiagasky.com/ScriptResource145b.js]
[www.columbiagasky.com/ScriptResourceb33b.js]
[nieus2prodazstg01.blob.core.windows.net/cdr-prod/images/librariesprovider3/service/ldc-vegetation-management/pollinator16e38c.jpg]
[nieus2prodazstg01.blob.core.windows.net/cdr-prod/images/librariesprovider3/service/ldc-vegetation-management/pollinator16.tmb-mediume307.jpg]
[nieus2prodazstg01.blob.core.windows.net/cdr-prod/images/librariesprovider3/service/ldc-vegetation-management/pollinator15a66b.jpg]
[nieus2prodazstg01.blob.core.windows.net/cdr-prod/images/librariesprovider3/service/ldc-vegetation-management/pollinator15.tmb-mediumadad.jpg]
[nieus2prodazstg01.blob.core.windows.net/cdr-prod/images/librariesprovider3/service/ldc-vegetation-management/pollinator14b9f3.jpg]
[nieus2prodazstg01.blob.core.windows.net/cdr-prod/images/librariesprovider3/service/ldc-vegetation-management/pollinator14.tmb-medium7c74.jpg]
[nieus2prodazstg01.blob.core.windows.net/cdr-prod/images/librariesprovider3/service/ldc-vegetation-management/pollinator12d83b.jpg]
[nieus2prodazstg01.blob.core.windows.net/cdr-prod/images/librariesprovider3/service/ldc-vegetation-management/pollinator12.tmb-medium1fac.jpg]
[nieus2prodazstg01.blob.core.windows.net/cdr-prod/images/librariesprovider3/service/ldc-vegetation-management/pollinator11ffa4.jpg]
[nieus2prodazstg01.blob.core.windows.net/cdr-prod/images/librariesprovider3/service/ldc-vegetation-management/pollinator11.tmb-medium7b4a.jpg]
[nieus2prodazstg01.blob.core.windows.net/cdr-prod/images/librariesprovider3/service/ldc-vegetation-management/pollinator10c234.jpg]
[nieus2prodazstg01.blob.core.windows.net/cdr-prod/images/librariesprovider3/service/ldc-vegetation-management/pollinator10.tmb-mediumba61.jpg]
[nieus2prodazstg01.blob.core.windows.net/cdr-prod/images/librariesprovider3/service/ldc-vegetation-management/pollinator9704c.jpg]
[nieus2prodazstg01.blob.core.windows.net/cdr-prod/images/librariesprovider3/service/ldc-vegetation-management/pollinator9.tmb-medium3f09.jpg]
[nieus2prodazstg01.blob.core.windows.net/cdr-prod/images/librariesprovider3/service/ldc-vegetation-management/pollinator8r9c2f3d5a6dd56b95ad3cff2a00cf989ecaa6.jpg]
[nieus2prodazstg01.blob.core.windows.net/cdr-prod/images/librariesprovider3/service/ldc-vegetation-management/pollinator7e33f.jpg]
[nieus2prodazstg01.blob.core.windows.net/cdr-prod/images/librariesprovider3/service/ldc-vegetation-management/pollinator8r9c2f3d5a6dd56b95ad3cff2a00cf989e.tmb-medium.a38889e.dela]
[nieus2prodazstg01.blob.core.windows.net/cdr-prod/images/librariesprovider3/service/ldc-vegetation-management/pollinator7.tmb-mediumb394.jpg]
[nieus2prodazstg01.blob.core.windows.net/cdr-prod/images/librariesprovider3/service/ldc-vegetation-management/pollinator653b7.jpg]
[nieus2prodazstg01.blob.core.windows.net/cdr-prod/images/librariesprovider3/service/ldc-vegetation-management/pollinator6.tmb-medium2301.jpg]
[nieus2prodazstg01.blob.core.windows.net/cdr-prod/images/librariesprovider3/service/ldc-vegetation-management/pollinator5e893.jpg]
[nieus2prodazstg01.blob.core.windows.net/cdr-prod/images/librariesprovider3/service/ldc-vegetation-management/pollinator5.tmb-medium4682.jpg]
[nieus2prodazstg01.blob.core.windows.net/cdr-prod/images/librariesprovider3/service/ldc-vegetation-management/pollinator3e2e4.jpg]
[nieus2prodazstg01.blob.core.windows.net/cdr-prod/images/librariesprovider3/service/ldc-vegetation-management/pollinator3.tmb-mediume8d9.jpg]
[nieus2prodazstg01.blob.core.windows.net/cdr-prod/images/librariesprovider3/service/ldc-vegetation-management/pollinator2392f.jpg]
[nieus2prodazstg01.blob.core.windows.net/cdr-prod/images/librariesprovider3/service/ldc-vegetation-management/pollinator2.tmb-medium17d7.jpg]
[nieus2prodazstg01.blob.core.windows.net/cdr-prod/images/librariesprovider3/service/ldc-vegetation-management/pollinator12b41.jpg]
[nieus2prodazstg01.blob.core.windows.net/cdr-prod/images/librariesprovider3/service/ldc-vegetation-management/pollinator1.tmb-medium8517.jpg]
[www.columbiagasky.com/Frontend-Assembly/Telerik.Sitefinity.Frontend.Media/assets/magnific/jquery.magnific-popup.min9ee7.js]
[www.columbiagasky.com/Frontend-Assembly/Telerik.Sitefinity.Frontend.Media/Mvc/Scripts/ImageGallery/overlay-gallery.min9ee7.js]
[www.columbiagasky.com/services/work-in-your-neighborhood/vegetation-management/vegetation-management-photo-gallery.html]
[www.columbiagasky.com/staysafe.html]
[www.columbiagasky.com/bills-and-payments/image/index.html]
[www.columbiagasky.com/bills-and-payments/font/index.html]
[www.columbiagasky.com/bills-and-payments/model/index.html]
[www.columbiagasky.com/bills-and-payments/text/index.html]
[www.columbiagasky.com/bills-and-payments/document.html]
[www.columbiagasky.com/bills-and-payments/b.html]
[www.columbiagasky.com/bills-and-payments/b-2.html]
[www.columbiagasky.com/bills-and-payments/session-replay.browser.min.html]
[www.columbiagasky.com/bills-and-payments/background-service.html]
[www.columbiagasky.com/bills-and-payments/this.Li.html]
[www.columbiagasky.com/bills-and-payments/payment-options/image/index.html]
[www.columbiagasky.com/bills-and-payments/payment-options/font/index.html]
[www.columbiagasky.com/bills-and-payments/payment-options/model/index.html]
[www.columbiagasky.com/bills-and-payments/payment-options/text/index.html]
[www.columbiagasky.com/bills-and-payments/payment-options/document.html]
[www.columbiagasky.com/bills-and-payments/payment-options/b.html]
[www.columbiagasky.com/bills-and-payments/payment-options/b-2.html]
[www.columbiagasky.com/bills-and-payments/payment-options/session-replay.browser.min.html]
[www.columbiagasky.com/bills-and-payments/payment-options/background-service.html]
[www.columbiagasky.com/bills-and-payments/payment-options/this.Li.html]
[www.columbiagasky.com/energy-efficiency/image/index.html]
[www.columbiagasky.com/energy-efficiency/font/index.html]
[www.columbiagasky.com/energy-efficiency/model/index.html]
[www.columbiagasky.com/energy-efficiency/text/index.html]
[www.columbiagasky.com/energy-efficiency/document.html]
[www.columbiagasky.com/energy-efficiency/b.html]
[www.columbiagasky.com/energy-efficiency/b-2.html]
[www.columbiagasky.com/energy-efficiency/session-replay.browser.min.html]
[www.columbiagasky.com/energy-efficiency/background-service.html]
[www.columbiagasky.com/energy-efficiency/this.Li.html]
[www.columbiagasky.com/energy-efficiency/for-your-home/image/index.html]
[www.columbiagasky.com/energy-efficiency/for-your-home/font/index.html]
[www.columbiagasky.com/energy-efficiency/for-your-home/model/index.html]
[www.columbiagasky.com/energy-efficiency/for-your-home/text/index.html]
[www.columbiagasky.com/energy-efficiency/for-your-home/document.html]
[www.columbiagasky.com/energy-efficiency/for-your-home/b.html]
[www.columbiagasky.com/energy-efficiency/for-your-home/b-2.html]
[www.columbiagasky.com/energy-efficiency/for-your-home/session-replay.browser.min.html]
[www.columbiagasky.com/energy-efficiency/for-your-home/background-service.html]
[www.columbiagasky.com/energy-efficiency/for-your-home/this.Li.html]
[www.columbiagasky.com/energy-efficiency/for-your-business/image/index.html]
[www.columbiagasky.com/energy-efficiency/for-your-business/font/index.html]
[www.columbiagasky.com/energy-efficiency/for-your-business/model/index.html]
[www.columbiagasky.com/energy-efficiency/for-your-business/text/index.html]
[www.columbiagasky.com/energy-efficiency/for-your-business/document.html]
[www.columbiagasky.com/energy-efficiency/for-your-business/b.html]
[www.columbiagasky.com/energy-efficiency/for-your-business/b-2.html]
[www.columbiagasky.com/energy-efficiency/for-your-business/session-replay.browser.min.html]
[www.columbiagasky.com/energy-efficiency/for-your-business/background-service.html]
[www.columbiagasky.com/energy-efficiency/for-your-business/this.Li.html]
[www.columbiagasky.com/help/image/index.html]
[www.columbiagasky.com/help/font/index.html]
[www.columbiagasky.com/help/model/index.html]
[www.columbiagasky.com/help/text/index.html]
[www.columbiagasky.com/help/document.html]
[www.columbiagasky.com/help/b.html]
[www.columbiagasky.com/help/b-2.html]
[www.columbiagasky.com/help/session-replay.browser.min.html]
[www.columbiagasky.com/help/background-service.html]
[www.columbiagasky.com/help/this.Li.html]
[www.columbiagasky.com/help/forms/image/index.html]
[www.columbiagasky.com/help/forms/font/index.html]
[www.columbiagasky.com/help/forms/model/index.html]
[www.columbiagasky.com/help/forms/text/index.html]
[www.columbiagasky.com/help/forms/document.html]
[www.columbiagasky.com/help/forms/b.html]
[www.columbiagasky.com/help/forms/b-2.html]
[www.columbiagasky.com/help/forms/session-replay.browser.min.html]
[www.columbiagasky.com/help/forms/background-service.html]
[www.columbiagasky.com/help/forms/this.Li.html]
[www.columbiagasky.com/our-company/image/index.html]
[www.columbiagasky.com/our-company/font/index.html]
[www.columbiagasky.com/our-company/model/index.html]
[www.columbiagasky.com/our-company/text/index.html]
[www.columbiagasky.com/our-company/document.html]
[www.columbiagasky.com/our-company/b.html]
[www.columbiagasky.com/our-company/b-2.html]
[www.columbiagasky.com/our-company/session-replay.browser.min.html]
[www.columbiagasky.com/our-company/background-service.html]
[www.columbiagasky.com/our-company/this.Li.html]
[nieus2prodazstg01.blob.core.windows.net/cdr-prod/images/librariesprovider3/bills-and-payments/wellington.tmb-newsbanner68bb.jpg]
[www.columbiagasky.com/our-company/news-room/article/the-buzz-around-town--we've-expanded-our-pollinator-program.html]
[nieus2prodazstg01.blob.core.windows.net/cdr-prod/images/librariesprovider3/customer/rs_kids_construction_zone_50.tmb-newsbanner3455.jpg]
[www.columbiagasky.com/our-company/news-room/article/summer_construction_zones.html]
[nieus2prodazstg01.blob.core.windows.net/cdr-prod/images/librariesprovider3/customer/work-zone-safety.tmb-newsbanner1c14.jpg]
[www.columbiagasky.com/our-company/news-room/article/columbia-gas-reminds-drivers-to-slow-down-use-caution-in-work-zones.html]
[www.columbiagasky.com/safety.html]
[nieus2prodazstg01.blob.core.windows.net/cdr-prod/images/librariesprovider3/email-assets/get-reconnected-winter-newsletter-2023.tmb-newsbannerdcfc.jpg]
[www.columbiagasky.com/our-company/news-room/article/Winter-tips.html]
[nieus2prodazstg01.blob.core.windows.net/cdr-prod/images/librariesprovider3/default-album/energy-assistance.tmb-newsbanner5089.png]
[www.columbiagasky.com/our-company/news-room/article/carbon-monoxide-safety-tips.html]
[nieus2prodazstg01.blob.core.windows.net/cdr-prod/images/librariesprovider3/customer/woman-adjusting-thermostat-at-home.tmb-newsbanner380e.jpg]
[www.columbiagasky.com/our-company/news-room/article/Energy-Efficiency-Day.html]
[nieus2prodazstg01.blob.core.windows.net/cdr-prod/images/librariesprovider3/bills-and-payments/811-logo-notag.tmb-newsbannerf43b.jpg]
[www.columbiagasky.com/our-company/news-room/article/columbia-gas-urges-call-to-811-prior-to-digging.html]
[nieus2prodazstg01.blob.core.windows.net/cdr-prod/images/librariesprovider3/buildings/kentucky-headquarters.tmb-newsbannere9a0.jpg]
[www.columbiagasky.com/our-company/news-room/article/columbia-gas-.html]
[nieus2prodazstg01.blob.core.windows.net/cdr-prod/images/librariesprovider3/bills-and-payments/1720457541269-resized-450.tmb-newsbanner0115.jpg]
[www.columbiagasky.com/our-company/news-room/article/nisource-celebrates-multiple-brands-named-as-2024-most-trusted-utility-brands-award-recipients.html]
[www.columbiagasky.com/our-site/cookie-policy.html]
[www.columbiagasky.com/our-company/news-room/image/index.html]
[www.columbiagasky.com/our-company/news-room/font/index.html]
[www.columbiagasky.com/our-company/news-room/model/index.html]
[www.columbiagasky.com/our-company/news-room/text/index.html]
[www.columbiagasky.com/our-company/news-room/document.html]
[www.columbiagasky.com/our-company/news-room/b.html]
[www.columbiagasky.com/our-company/news-room/b-2.html]
[www.columbiagasky.com/our-company/news-room/session-replay.browser.min.html]
[www.columbiagasky.com/our-company/news-room/background-service.html]
[www.columbiagasky.com/our-company/news-room/this.Li.html]
[www.columbiagasky.com/Frontend-Assembly/Telerik.Sitefinity.Frontend.Media/assets/magnific/magnific-popup6b10.css]
[www.columbiagasky.com/ScriptResource145b.js]
[www.columbiagasky.com/ScriptResourceb33b.js]
[www.columbiagasky.com/our-company/news-room/article/image/index.html]
[www.columbiagasky.com/our-company/news-room/article/font/index.html]
[www.columbiagasky.com/our-company/news-room/article/model/index.html]
[www.columbiagasky.com/our-company/news-room/article/text/index.html]
[www.columbiagasky.com/our-company/news-room/article/document.html]
[www.columbiagasky.com/our-company/news-room/article/b.html]
[www.columbiagasky.com/our-company/news-room/article/b-2.html]
[www.columbiagasky.com/our-company/news-room/article/session-replay.browser.min.html]
[www.columbiagasky.com/our-company/news-room/article/background-service.html]
[www.columbiagasky.com/our-company/news-room/article/this.Li.html]
[www.columbiagasky.com/safety.html]
[gateway.zscaler.net_443/_sm_ccik3a87]
